make: Nothing to be done for 'all'.

========================================
Start ThirdParty Allwmake
========================================

========================================
Build MPI libraries if required

========================================
Build Scotch decomposition library scotch_6.0.3
    /home/ktc05078/OpenFOAM/ThirdParty-2.4.0-MNF/platforms/linux64GccMNF-MUI/scotch_6.0.3
    scotch header in /home/ktc05078/OpenFOAM/ThirdParty-2.4.0-MNF/platforms/linux64GccMNF-MUI/scotch_6.0.3/include
    scotch libs   in /home/ktc05078/OpenFOAM/ThirdParty-2.4.0-MNF/platforms/linux64GccMNF-MUIDPOpt/lib

========================================
Build PTScotch decomposition library scotch_6.0.3 (uses MPI)
    /home/ktc05078/OpenFOAM/ThirdParty-2.4.0-MNF/platforms/linux64GccMNF-MUI/scotch_6.0.3

    ptscotch header in /home/ktc05078/OpenFOAM/ThirdParty-2.4.0-MNF/platforms/linux64GccMNF-MUI/scotch_6.0.3/include/openmpi-system
    ptscotch libs   in /home/ktc05078/OpenFOAM/ThirdParty-2.4.0-MNF/platforms/linux64GccMNF-MUIDPOpt/lib/openmpi-system

========================================
Build Metis decomposition
    metis header in /home/ktc05078/OpenFOAM/ThirdParty-2.4.0-MNF/platforms/linux64GccMNF-MUI/metis-5.1.0/include
    metis libs   in /home/ktc05078/OpenFOAM/ThirdParty-2.4.0-MNF/platforms/linux64GccMNF-MUIDPOpt/lib

========================================
Build CGAL
    CGAL headers in /home/ktc05078/OpenFOAM/ThirdParty-2.4.0-MNF/platforms/linux64GccMNF-MUI/CGAL-4.6/include
    CGAL libs    in /home/ktc05078/OpenFOAM/ThirdParty-2.4.0-MNF/platforms/linux64GccMNF-MUI/CGAL-4.6/lib
========================================
Build MUI
    MUI headers in /home/ktc05078/OpenFOAM/ThirdParty-2.4.0-MNF/platforms/linux64GccMNF-MUI/MUI

========================================
Done ThirdParty Allwmake
========================================

+ wmakePrintBuild -check
same version as previous build
+ wmakeLnInclude OpenFOAM
+ wmakeLnInclude OSspecific/POSIX
+ Pstream/Allwmake
+ wmake libso dummy
'/home/ktc05078/OpenFOAM/OpenFOAM-2.4.0-MNF/platforms/linux64GccMNF-MUIDPOpt/lib/dummy/libPstream.so' is up to date.
+ set +x

Note: ignore spurious warnings about missing mpicxx.h headers

wmake libso mpi
'/home/ktc05078/OpenFOAM/OpenFOAM-2.4.0-MNF/platforms/linux64GccMNF-MUIDPOpt/lib/openmpi-system/libPstream.so' is up to date.
+ OSspecific/POSIX/Allwmake
'/home/ktc05078/OpenFOAM/OpenFOAM-2.4.0-MNF/platforms/linux64GccMNF-MUIDPOpt/lib/libOSspecific.o' is up to date.
+ wmake libso OpenFOAM
'/home/ktc05078/OpenFOAM/OpenFOAM-2.4.0-MNF/platforms/linux64GccMNF-MUIDPOpt/lib/libOpenFOAM.so' is up to date.
+ wmake libso fileFormats
'/home/ktc05078/OpenFOAM/OpenFOAM-2.4.0-MNF/platforms/linux64GccMNF-MUIDPOpt/lib/libfileFormats.so' is up to date.
+ wmake libso surfMesh
'/home/ktc05078/OpenFOAM/OpenFOAM-2.4.0-MNF/platforms/linux64GccMNF-MUIDPOpt/lib/libsurfMesh.so' is up to date.
+ wmake libso triSurface
'/home/ktc05078/OpenFOAM/OpenFOAM-2.4.0-MNF/platforms/linux64GccMNF-MUIDPOpt/lib/libtriSurface.so' is up to date.
+ wmake libso meshTools
'/home/ktc05078/OpenFOAM/OpenFOAM-2.4.0-MNF/platforms/linux64GccMNF-MUIDPOpt/lib/libmeshTools.so' is up to date.
+ wmake libso edgeMesh
'/home/ktc05078/OpenFOAM/OpenFOAM-2.4.0-MNF/platforms/linux64GccMNF-MUIDPOpt/lib/libedgeMesh.so' is up to date.
+ parallel/decompose/AllwmakeLnInclude
+ wmakeLnInclude decompositionMethods
+ wmakeLnInclude metisDecomp
+ wmakeLnInclude scotchDecomp
+ wmakeLnInclude ptscotchDecomp
+ dummyThirdParty/Allwmake
+ wmake libso scotchDecomp
'/home/ktc05078/OpenFOAM/OpenFOAM-2.4.0-MNF/platforms/linux64GccMNF-MUIDPOpt/lib/dummy/libscotchDecomp.so' is up to date.
+ wmake libso ptscotchDecomp
'/home/ktc05078/OpenFOAM/OpenFOAM-2.4.0-MNF/platforms/linux64GccMNF-MUIDPOpt/lib/dummy/libptscotchDecomp.so' is up to date.
+ wmake libso metisDecomp
'/home/ktc05078/OpenFOAM/OpenFOAM-2.4.0-MNF/platforms/linux64GccMNF-MUIDPOpt/lib/dummy/libmetisDecomp.so' is up to date.
+ wmake libso MGridGen
'/home/ktc05078/OpenFOAM/OpenFOAM-2.4.0-MNF/platforms/linux64GccMNF-MUIDPOpt/lib/dummy/libMGridGen.so' is up to date.
+ wmake libso finiteVolume
'/home/ktc05078/OpenFOAM/OpenFOAM-2.4.0-MNF/platforms/linux64GccMNF-MUIDPOpt/lib/libfiniteVolume.so' is up to date.
+ wmake libso lagrangian/basic
'/home/ktc05078/OpenFOAM/OpenFOAM-2.4.0-MNF/platforms/linux64GccMNF-MUIDPOpt/lib/liblagrangian.so' is up to date.
+ wmake libso lagrangian/distributionModels
'/home/ktc05078/OpenFOAM/OpenFOAM-2.4.0-MNF/platforms/linux64GccMNF-MUIDPOpt/lib/libdistributionModels.so' is up to date.
+ wmake libso genericPatchFields
'/home/ktc05078/OpenFOAM/OpenFOAM-2.4.0-MNF/platforms/linux64GccMNF-MUIDPOpt/lib/libgenericPatchFields.so' is up to date.
+ parallel/Allwmake
+ decompose/Allwmake
using SCOTCH_ARCH_PATH=/home/ktc05078/OpenFOAM/ThirdParty-2.4.0-MNF/platforms/linux64GccMNF-MUI/scotch_6.0.3
+ wmakeLnInclude decompositionMethods
+ [ -n /home/ktc05078/OpenFOAM/ThirdParty-2.4.0-MNF/platforms/linux64GccMNF-MUI/scotch_6.0.3 ]
+ wmake libso scotchDecomp
'/home/ktc05078/OpenFOAM/OpenFOAM-2.4.0-MNF/platforms/linux64GccMNF-MUIDPOpt/lib/libscotchDecomp.so' is up to date.
+ [ -d /home/ktc05078/OpenFOAM/OpenFOAM-2.4.0-MNF/platforms/linux64GccMNF-MUIDPOpt/lib/openmpi-system ]
+ wmakeMpiLib ptscotchDecomp
+ set +x
wmake libso ptscotchDecomp
'/home/ktc05078/OpenFOAM/OpenFOAM-2.4.0-MNF/platforms/linux64GccMNF-MUIDPOpt/lib/openmpi-system/libptscotchDecomp.so' is up to date.
+ cd metisDecomp
+ ./Allwmake libso
using METIS_ARCH_PATH=/home/ktc05078/OpenFOAM/ThirdParty-2.4.0-MNF/platforms/linux64GccMNF-MUI/metis-5.1.0
'/home/ktc05078/OpenFOAM/OpenFOAM-2.4.0-MNF/platforms/linux64GccMNF-MUIDPOpt/lib/libmetisDecomp.so' is up to date.
+ wmake libso decompositionMethods
'/home/ktc05078/OpenFOAM/OpenFOAM-2.4.0-MNF/platforms/linux64GccMNF-MUIDPOpt/lib/libdecompositionMethods.so' is up to date.
+ wmake libso decompose
'/home/ktc05078/OpenFOAM/OpenFOAM-2.4.0-MNF/platforms/linux64GccMNF-MUIDPOpt/lib/libdecompose.so' is up to date.
+ reconstruct/Allwmake
+ wmake libso reconstruct
'/home/ktc05078/OpenFOAM/OpenFOAM-2.4.0-MNF/platforms/linux64GccMNF-MUIDPOpt/lib/libreconstruct.so' is up to date.
+ wmake libso distributed
'/home/ktc05078/OpenFOAM/OpenFOAM-2.4.0-MNF/platforms/linux64GccMNF-MUIDPOpt/lib/libdistributed.so' is up to date.
+ renumber/Allwmake
+ wmake libso renumberMethods
'/home/ktc05078/OpenFOAM/OpenFOAM-2.4.0-MNF/platforms/linux64GccMNF-MUIDPOpt/lib/librenumberMethods.so' is up to date.
+ [ -n /home/ktc05078/OpenFOAM/ThirdParty-2.4.0-MNF/platforms/linux64GccMNF-MUI/boost-system ]
+ wmake libso SloanRenumber
'/home/ktc05078/OpenFOAM/OpenFOAM-2.4.0-MNF/platforms/linux64GccMNF-MUIDPOpt/lib/libSloanRenumber.so' is up to date.
+ [ -n  ]
+ echo

+ echo Skipping zoltanRenumber
Skipping zoltanRenumber
+ echo

+ wmake libso conversion
'/home/ktc05078/OpenFOAM/OpenFOAM-2.4.0-MNF/platforms/linux64GccMNF-MUIDPOpt/lib/libconversion.so' is up to date.
+ wmake libso sampling
'/home/ktc05078/OpenFOAM/OpenFOAM-2.4.0-MNF/platforms/linux64GccMNF-MUIDPOpt/lib/libsampling.so' is up to date.
+ wmake libso mesh/extrudeModel
'/home/ktc05078/OpenFOAM/OpenFOAM-2.4.0-MNF/platforms/linux64GccMNF-MUIDPOpt/lib/libextrudeModel.so' is up to date.
+ wmake libso dynamicMesh
'/home/ktc05078/OpenFOAM/OpenFOAM-2.4.0-MNF/platforms/linux64GccMNF-MUIDPOpt/lib/libdynamicMesh.so' is up to date.
+ wmake libso dynamicFvMesh
'/home/ktc05078/OpenFOAM/OpenFOAM-2.4.0-MNF/platforms/linux64GccMNF-MUIDPOpt/lib/libdynamicFvMesh.so' is up to date.
+ wmake libso topoChangerFvMesh
'/home/ktc05078/OpenFOAM/OpenFOAM-2.4.0-MNF/platforms/linux64GccMNF-MUIDPOpt/lib/libtopoChangerFvMesh.so' is up to date.
+ wmake libso ODE
'/home/ktc05078/OpenFOAM/OpenFOAM-2.4.0-MNF/platforms/linux64GccMNF-MUIDPOpt/lib/libODE.so' is up to date.
+ wmake libso randomProcesses
'/home/ktc05078/OpenFOAM/OpenFOAM-2.4.0-MNF/platforms/linux64GccMNF-MUIDPOpt/lib/librandomProcesses.so' is up to date.
+ thermophysicalModels/Allwmake
+ wmake libso specie
'/home/ktc05078/OpenFOAM/OpenFOAM-2.4.0-MNF/platforms/linux64GccMNF-MUIDPOpt/lib/libspecie.so' is up to date.
+ wmake libso solidSpecie
'/home/ktc05078/OpenFOAM/OpenFOAM-2.4.0-MNF/platforms/linux64GccMNF-MUIDPOpt/lib/libsolidSpecie.so' is up to date.
+ wmake libso thermophysicalFunctions
'/home/ktc05078/OpenFOAM/OpenFOAM-2.4.0-MNF/platforms/linux64GccMNF-MUIDPOpt/lib/libthermophysicalFunctions.so' is up to date.
+ ./properties/Allwmake
+ wmake libso liquidProperties
'/home/ktc05078/OpenFOAM/OpenFOAM-2.4.0-MNF/platforms/linux64GccMNF-MUIDPOpt/lib/libliquidProperties.so' is up to date.
+ wmake libso liquidMixtureProperties
'/home/ktc05078/OpenFOAM/OpenFOAM-2.4.0-MNF/platforms/linux64GccMNF-MUIDPOpt/lib/libliquidMixtureProperties.so' is up to date.
+ wmake libso solidProperties
'/home/ktc05078/OpenFOAM/OpenFOAM-2.4.0-MNF/platforms/linux64GccMNF-MUIDPOpt/lib/libsolidProperties.so' is up to date.
+ wmake libso solidMixtureProperties
'/home/ktc05078/OpenFOAM/OpenFOAM-2.4.0-MNF/platforms/linux64GccMNF-MUIDPOpt/lib/libsolidMixtureProperties.so' is up to date.
+ wmake libso basic
'/home/ktc05078/OpenFOAM/OpenFOAM-2.4.0-MNF/platforms/linux64GccMNF-MUIDPOpt/lib/libfluidThermophysicalModels.so' is up to date.
+ wmake libso reactionThermo
'/home/ktc05078/OpenFOAM/OpenFOAM-2.4.0-MNF/platforms/linux64GccMNF-MUIDPOpt/lib/libreactionThermophysicalModels.so' is up to date.
+ wmake libso laminarFlameSpeed
'/home/ktc05078/OpenFOAM/OpenFOAM-2.4.0-MNF/platforms/linux64GccMNF-MUIDPOpt/lib/liblaminarFlameSpeedModels.so' is up to date.
+ wmake libso chemistryModel
'/home/ktc05078/OpenFOAM/OpenFOAM-2.4.0-MNF/platforms/linux64GccMNF-MUIDPOpt/lib/libchemistryModel.so' is up to date.
+ wmake libso barotropicCompressibilityModel
'/home/ktc05078/OpenFOAM/OpenFOAM-2.4.0-MNF/platforms/linux64GccMNF-MUIDPOpt/lib/libbarotropicCompressibilityModel.so' is up to date.
+ wmake libso SLGThermo
'/home/ktc05078/OpenFOAM/OpenFOAM-2.4.0-MNF/platforms/linux64GccMNF-MUIDPOpt/lib/libSLGThermo.so' is up to date.
+ wmake libso solidThermo
'/home/ktc05078/OpenFOAM/OpenFOAM-2.4.0-MNF/platforms/linux64GccMNF-MUIDPOpt/lib/libsolidThermo.so' is up to date.
+ wmake libso solidChemistryModel
'/home/ktc05078/OpenFOAM/OpenFOAM-2.4.0-MNF/platforms/linux64GccMNF-MUIDPOpt/lib/libsolidChemistryModel.so' is up to date.
+ wmake libso radiationModels
'/home/ktc05078/OpenFOAM/OpenFOAM-2.4.0-MNF/platforms/linux64GccMNF-MUIDPOpt/lib/libradiationModels.so' is up to date.
+ transportModels/Allwmake
+ wmake libso twoPhaseMixture
'/home/ktc05078/OpenFOAM/OpenFOAM-2.4.0-MNF/platforms/linux64GccMNF-MUIDPOpt/lib/libtwoPhaseMixture.so' is up to date.
+ wmake libso interfaceProperties
'/home/ktc05078/OpenFOAM/OpenFOAM-2.4.0-MNF/platforms/linux64GccMNF-MUIDPOpt/lib/libinterfaceProperties.so' is up to date.
+ wmake libso twoPhaseProperties
'/home/ktc05078/OpenFOAM/OpenFOAM-2.4.0-MNF/platforms/linux64GccMNF-MUIDPOpt/lib/libtwoPhaseProperties.so' is up to date.
+ wmake libso incompressible
'/home/ktc05078/OpenFOAM/OpenFOAM-2.4.0-MNF/platforms/linux64GccMNF-MUIDPOpt/lib/libincompressibleTransportModels.so' is up to date.
+ wmake libso compressible
'/home/ktc05078/OpenFOAM/OpenFOAM-2.4.0-MNF/platforms/linux64GccMNF-MUIDPOpt/lib/libcompressibleTransportModels.so' is up to date.
+ wmake libso immiscibleIncompressibleTwoPhaseMixture
'/home/ktc05078/OpenFOAM/OpenFOAM-2.4.0-MNF/platforms/linux64GccMNF-MUIDPOpt/lib/libimmiscibleIncompressibleTwoPhaseMixture.so' is up to date.
+ turbulenceModels/Allwmake
+ LES/Allwmake
+ wmakeLnInclude ../incompressible/LES
+ wmake libso LESfilters
'/home/ktc05078/OpenFOAM/OpenFOAM-2.4.0-MNF/platforms/linux64GccMNF-MUIDPOpt/lib/libLESfilters.so' is up to date.
+ wmake libso LESdeltas
'/home/ktc05078/OpenFOAM/OpenFOAM-2.4.0-MNF/platforms/linux64GccMNF-MUIDPOpt/lib/libLESdeltas.so' is up to date.
+ incompressible/Allwmake
+ wmake libso turbulenceModel
'/home/ktc05078/OpenFOAM/OpenFOAM-2.4.0-MNF/platforms/linux64GccMNF-MUIDPOpt/lib/libincompressibleTurbulenceModel.so' is up to date.
+ wmake libso RAS
'/home/ktc05078/OpenFOAM/OpenFOAM-2.4.0-MNF/platforms/linux64GccMNF-MUIDPOpt/lib/libincompressibleRASModels.so' is up to date.
+ wmake libso LES
'/home/ktc05078/OpenFOAM/OpenFOAM-2.4.0-MNF/platforms/linux64GccMNF-MUIDPOpt/lib/libincompressibleLESModels.so' is up to date.
+ compressible/Allwmake
+ wmake libso turbulenceModel
'/home/ktc05078/OpenFOAM/OpenFOAM-2.4.0-MNF/platforms/linux64GccMNF-MUIDPOpt/lib/libcompressibleTurbulenceModel.so' is up to date.
+ wmake libso RAS
'/home/ktc05078/OpenFOAM/OpenFOAM-2.4.0-MNF/platforms/linux64GccMNF-MUIDPOpt/lib/libcompressibleRASModels.so' is up to date.
+ wmake libso LES
'/home/ktc05078/OpenFOAM/OpenFOAM-2.4.0-MNF/platforms/linux64GccMNF-MUIDPOpt/lib/libcompressibleLESModels.so' is up to date.
+ wmake libso derivedFvPatchFields
'/home/ktc05078/OpenFOAM/OpenFOAM-2.4.0-MNF/platforms/linux64GccMNF-MUIDPOpt/lib/libturbulenceDerivedFvPatchFields.so' is up to date.
+ TurbulenceModels/Allwmake
+ wmake libso turbulenceModels
'/home/ktc05078/OpenFOAM/OpenFOAM-2.4.0-MNF/platforms/linux64GccMNF-MUIDPOpt/lib/libturbulenceModels.so' is up to date.
+ wmake libso incompressible
'/home/ktc05078/OpenFOAM/OpenFOAM-2.4.0-MNF/platforms/linux64GccMNF-MUIDPOpt/lib/libincompressibleTurbulenceModels.so' is up to date.
+ wmake libso compressible
'/home/ktc05078/OpenFOAM/OpenFOAM-2.4.0-MNF/platforms/linux64GccMNF-MUIDPOpt/lib/libcompressibleTurbulenceModels.so' is up to date.
+ wmakeLnInclude phaseIncompressible
+ wmakeLnInclude phaseCompressible
+ wmake libso combustionModels
'/home/ktc05078/OpenFOAM/OpenFOAM-2.4.0-MNF/platforms/linux64GccMNF-MUIDPOpt/lib/libcombustionModels.so' is up to date.
+ regionModels/Allwmake
+ wmake libso regionModel
'/home/ktc05078/OpenFOAM/OpenFOAM-2.4.0-MNF/platforms/linux64GccMNF-MUIDPOpt/lib/libregionModels.so' is up to date.
+ wmake libso pyrolysisModels
'/home/ktc05078/OpenFOAM/OpenFOAM-2.4.0-MNF/platforms/linux64GccMNF-MUIDPOpt/lib/libpyrolysisModels.so' is up to date.
+ wmake libso surfaceFilmModels
'/home/ktc05078/OpenFOAM/OpenFOAM-2.4.0-MNF/platforms/linux64GccMNF-MUIDPOpt/lib/libsurfaceFilmModels.so' is up to date.
+ wmake libso surfaceFilmModels/derivedFvPatchFields/wallFunctions
'/home/ktc05078/OpenFOAM/OpenFOAM-2.4.0-MNF/platforms/linux64GccMNF-MUIDPOpt/lib/libsurfaceFilmDerivedFvPatchFields.so' is up to date.
+ wmake libso thermalBaffleModels
'/home/ktc05078/OpenFOAM/OpenFOAM-2.4.0-MNF/platforms/linux64GccMNF-MUIDPOpt/lib/libthermalBaffleModels.so' is up to date.
+ wmake libso regionCoupling
'/home/ktc05078/OpenFOAM/OpenFOAM-2.4.0-MNF/platforms/linux64GccMNF-MUIDPOpt/lib/libregionCoupling.so' is up to date.
+ lagrangian/Allwmake
+ wmake libso distributionModels
'/home/ktc05078/OpenFOAM/OpenFOAM-2.4.0-MNF/platforms/linux64GccMNF-MUIDPOpt/lib/libdistributionModels.so' is up to date.
+ wmake libso basic
'/home/ktc05078/OpenFOAM/OpenFOAM-2.4.0-MNF/platforms/linux64GccMNF-MUIDPOpt/lib/liblagrangian.so' is up to date.
+ wmake libso solidParticle
'/home/ktc05078/OpenFOAM/OpenFOAM-2.4.0-MNF/platforms/linux64GccMNF-MUIDPOpt/lib/libsolidParticle.so' is up to date.
+ wmake libso intermediate
'/home/ktc05078/OpenFOAM/OpenFOAM-2.4.0-MNF/platforms/linux64GccMNF-MUIDPOpt/lib/liblagrangianIntermediate.so' is up to date.
+ wmake libso turbulence
'/home/ktc05078/OpenFOAM/OpenFOAM-2.4.0-MNF/platforms/linux64GccMNF-MUIDPOpt/lib/liblagrangianTurbulence.so' is up to date.
+ wmake libso Turbulence
'/home/ktc05078/OpenFOAM/OpenFOAM-2.4.0-MNF/platforms/linux64GccMNF-MUIDPOpt/lib/liblagrangianTurbulentSubModels.so' is up to date.
+ wmake libso spray
'/home/ktc05078/OpenFOAM/OpenFOAM-2.4.0-MNF/platforms/linux64GccMNF-MUIDPOpt/lib/liblagrangianSpray.so' is up to date.
+ wmake libso coalCombustion
'/home/ktc05078/OpenFOAM/OpenFOAM-2.4.0-MNF/platforms/linux64GccMNF-MUIDPOpt/lib/libcoalCombustion.so' is up to date.
+ molecularDynamics/Allwmake
+ wmake libso general
'/home/ktc05078/OpenFOAM/OpenFOAM-2.4.0-MNF/platforms/linux64GccMNF-MUIDPOpt/lib/libgeneralMolecule.so' is up to date.
+ wmake libso potential
'/home/ktc05078/OpenFOAM/OpenFOAM-2.4.0-MNF/platforms/linux64GccMNF-MUIDPOpt/lib/libpotential.so' is up to date.
+ wmake libso molecularMeasurements
'/home/ktc05078/OpenFOAM/OpenFOAM-2.4.0-MNF/platforms/linux64GccMNF-MUIDPOpt/lib/libmolecularMeasurements.so' is up to date.
+ wmake libso molecule
'/home/ktc05078/OpenFOAM/OpenFOAM-2.4.0-MNF/platforms/linux64GccMNF-MUIDPOpt/lib/libmolecule.so' is up to date.
+ wmake libso polyCloud
'/home/ktc05078/OpenFOAM/OpenFOAM-2.4.0-MNF/platforms/linux64GccMNF-MUIDPOpt/lib/libpolyCloud.so' is up to date.
+ wmake libso dsmc
'/home/ktc05078/OpenFOAM/OpenFOAM-2.4.0-MNF/platforms/linux64GccMNF-MUIDPOpt/lib/libdsmcFOAM.so' is up to date.
+ mesh/Allwmake
+ wmake libso autoMesh
'/home/ktc05078/OpenFOAM/OpenFOAM-2.4.0-MNF/platforms/linux64GccMNF-MUIDPOpt/lib/libautoMesh.so' is up to date.
+ wmake libso blockMesh
'/home/ktc05078/OpenFOAM/OpenFOAM-2.4.0-MNF/platforms/linux64GccMNF-MUIDPOpt/lib/libblockMesh.so' is up to date.
+ wmake libso extrudeModel
'/home/ktc05078/OpenFOAM/OpenFOAM-2.4.0-MNF/platforms/linux64GccMNF-MUIDPOpt/lib/libextrudeModel.so' is up to date.
+ fvAgglomerationMethods/Allwmake
+ export ParMGridGen=/home/ktc05078/OpenFOAM/ThirdParty-2.4.0-MNF/ParMGridGen-1.0
+ [ -e /home/ktc05078/OpenFOAM/OpenFOAM-2.4.0-MNF/platforms/linux64GccMNF-MUIDPOpt/lib/libMGridGen.so ]
+ wmake libso pairPatchAgglomeration
'/home/ktc05078/OpenFOAM/OpenFOAM-2.4.0-MNF/platforms/linux64GccMNF-MUIDPOpt/lib/libpairPatchAgglomeration.so' is up to date.
+ wmake libso fvMotionSolver
'/home/ktc05078/OpenFOAM/OpenFOAM-2.4.0-MNF/platforms/linux64GccMNF-MUIDPOpt/lib/libfvMotionSolvers.so' is up to date.
+ wmake libso engine
'/home/ktc05078/OpenFOAM/OpenFOAM-2.4.0-MNF/platforms/linux64GccMNF-MUIDPOpt/lib/libengine.so' is up to date.
+ wmake libso fvOptions
'/home/ktc05078/OpenFOAM/OpenFOAM-2.4.0-MNF/platforms/linux64GccMNF-MUIDPOpt/lib/libfvOptions.so' is up to date.
+ wmake libso regionCoupled
'/home/ktc05078/OpenFOAM/OpenFOAM-2.4.0-MNF/platforms/linux64GccMNF-MUIDPOpt/lib/libregionCoupled.so' is up to date.
+ postProcessing/Allwmake
+ wmake libo postCalc
'/home/ktc05078/OpenFOAM/OpenFOAM-2.4.0-MNF/platforms/linux64GccMNF-MUIDPOpt/lib/postCalc.o' is up to date.
+ wmake libso foamCalcFunctions
'/home/ktc05078/OpenFOAM/OpenFOAM-2.4.0-MNF/platforms/linux64GccMNF-MUIDPOpt/lib/libfoamCalcFunctions.so' is up to date.
+ functionObjects/Allwmake
+ wmake libso cloud
'/home/ktc05078/OpenFOAM/OpenFOAM-2.4.0-MNF/platforms/linux64GccMNF-MUIDPOpt/lib/libcloudFunctionObjects.so' is up to date.
+ wmake libso field
'/home/ktc05078/OpenFOAM/OpenFOAM-2.4.0-MNF/platforms/linux64GccMNF-MUIDPOpt/lib/libfieldFunctionObjects.so' is up to date.
+ wmake libso forces
'/home/ktc05078/OpenFOAM/OpenFOAM-2.4.0-MNF/platforms/linux64GccMNF-MUIDPOpt/lib/libforces.so' is up to date.
+ wmake libso fvTools
'/home/ktc05078/OpenFOAM/OpenFOAM-2.4.0-MNF/platforms/linux64GccMNF-MUIDPOpt/lib/libFVFunctionObjects.so' is up to date.
+ wmake libso IO
'/home/ktc05078/OpenFOAM/OpenFOAM-2.4.0-MNF/platforms/linux64GccMNF-MUIDPOpt/lib/libIOFunctionObjects.so' is up to date.
+ wmake libso jobControl
'/home/ktc05078/OpenFOAM/OpenFOAM-2.4.0-MNF/platforms/linux64GccMNF-MUIDPOpt/lib/libjobControl.so' is up to date.
+ wmake libso systemCall
'/home/ktc05078/OpenFOAM/OpenFOAM-2.4.0-MNF/platforms/linux64GccMNF-MUIDPOpt/lib/libsystemCall.so' is up to date.
+ wmake libso utilities
'/home/ktc05078/OpenFOAM/OpenFOAM-2.4.0-MNF/platforms/linux64GccMNF-MUIDPOpt/lib/libutilityFunctionObjects.so' is up to date.
+ wmake libso sixDoFRigidBodyMotion
'/home/ktc05078/OpenFOAM/OpenFOAM-2.4.0-MNF/platforms/linux64GccMNF-MUIDPOpt/lib/libsixDoFRigidBodyMotion.so' is up to date.
+ wmake all utilities
make[2]: '/home/ktc05078/OpenFOAM/OpenFOAM-2.4.0-MNF/platforms/linux64GccMNF-MUIDPOpt/bin/expandDictionary' is up to date.
make[2]: '/home/ktc05078/OpenFOAM/OpenFOAM-2.4.0-MNF/platforms/linux64GccMNF-MUIDPOpt/bin/surfaceAdd' is up to date.
make[2]: '/home/ktc05078/OpenFOAM/OpenFOAM-2.4.0-MNF/platforms/linux64GccMNF-MUIDPOpt/bin/foamDebugSwitches' is up to date.
make[3]: '/home/ktc05078/OpenFOAM/OpenFOAM-2.4.0-MNF/platforms/linux64GccMNF-MUIDPOpt/bin/PDRMesh' is up to date.
make[2]: '/home/ktc05078/OpenFOAM/OpenFOAM-2.4.0-MNF/platforms/linux64GccMNF-MUIDPOpt/bin/surfaceAutoPatch' is up to date.
make[2]: '/home/ktc05078/OpenFOAM/OpenFOAM-2.4.0-MNF/platforms/linux64GccMNF-MUIDPOpt/bin/applyBoundaryLayer' is up to date.
make[3]: '/home/ktc05078/OpenFOAM/OpenFOAM-2.4.0-MNF/platforms/linux64GccMNF-MUIDPOpt/bin/foamDataToFluent' is up to date.
make[2]: '/home/ktc05078/OpenFOAM/OpenFOAM-2.4.0-MNF/platforms/linux64GccMNF-MUIDPOpt/bin/decomposePar' is up to date.
make[3]: '/home/ktc05078/OpenFOAM/OpenFOAM-2.4.0-MNF/platforms/linux64GccMNF-MUIDPOpt/bin/autoRefineMesh' is up to date.
make[2]: '/home/ktc05078/OpenFOAM/OpenFOAM-2.4.0-MNF/platforms/linux64GccMNF-MUIDPOpt/bin/foamFormatConvert' is up to date.
make[2]: '/home/ktc05078/OpenFOAM/OpenFOAM-2.4.0-MNF/platforms/linux64GccMNF-MUIDPOpt/bin/surfaceBooleanFeatures' is up to date.
make[2]: '/home/ktc05078/OpenFOAM/OpenFOAM-2.4.0-MNF/platforms/linux64GccMNF-MUIDPOpt/bin/applyWallFunctionBoundaryConditions' is up to date.
make[3]: '/home/ktc05078/OpenFOAM/OpenFOAM-2.4.0-MNF/platforms/linux64GccMNF-MUIDPOpt/bin/collapseEdges' is up to date.
make[3]: '/home/ktc05078/OpenFOAM/OpenFOAM-2.4.0-MNF/platforms/linux64GccMNF-MUIDPOpt/bin/foamToEnsight' is up to date.
make[2]: '/home/ktc05078/OpenFOAM/OpenFOAM-2.4.0-MNF/platforms/linux64GccMNF-MUIDPOpt/bin/reconstructPar' is up to date.
make[2]: '/home/ktc05078/OpenFOAM/OpenFOAM-2.4.0-MNF/platforms/linux64GccMNF-MUIDPOpt/bin/surfaceCheck' is up to date.
'/home/ktc05078/OpenFOAM/OpenFOAM-2.4.0-MNF/platforms/linux64GccMNF-MUIDPOpt/lib/libhelpTypes.so' is up to date.
make[2]: '/home/ktc05078/OpenFOAM/OpenFOAM-2.4.0-MNF/platforms/linux64GccMNF-MUIDPOpt/bin/surfaceClean' is up to date.
make[2]: '/home/ktc05078/OpenFOAM/OpenFOAM-2.4.0-MNF/platforms/linux64GccMNF-MUIDPOpt/bin/boxTurb' is up to date.
make[2]: '/home/ktc05078/OpenFOAM/OpenFOAM-2.4.0-MNF/platforms/linux64GccMNF-MUIDPOpt/bin/reconstructParMesh' is up to date.
make[3]: '/home/ktc05078/OpenFOAM/OpenFOAM-2.4.0-MNF/platforms/linux64GccMNF-MUIDPOpt/bin/combinePatchFaces' is up to date.
make[3]: '/home/ktc05078/OpenFOAM/OpenFOAM-2.4.0-MNF/platforms/linux64GccMNF-MUIDPOpt/bin/foamToEnsightParts' is up to date.
make[2]: '/home/ktc05078/OpenFOAM/OpenFOAM-2.4.0-MNF/platforms/linux64GccMNF-MUIDPOpt/bin/foamHelp' is up to date.
make[2]: '/home/ktc05078/OpenFOAM/OpenFOAM-2.4.0-MNF/platforms/linux64GccMNF-MUIDPOpt/bin/surfaceCoarsen' is up to date.
make[3]: '/home/ktc05078/OpenFOAM/OpenFOAM-2.4.0-MNF/platforms/linux64GccMNF-MUIDPOpt/bin/modifyMesh' is up to date.
make[2]: '/home/ktc05078/OpenFOAM/OpenFOAM-2.4.0-MNF/platforms/linux64GccMNF-MUIDPOpt/bin/foamInfoExec' is up to date.
make[2]: '/home/ktc05078/OpenFOAM/OpenFOAM-2.4.0-MNF/platforms/linux64GccMNF-MUIDPOpt/bin/changeDictionary' is up to date.
make[2]: '/home/ktc05078/OpenFOAM/OpenFOAM-2.4.0-MNF/platforms/linux64GccMNF-MUIDPOpt/bin/surfaceConvert' is up to date.
make[3]: '/home/ktc05078/OpenFOAM/OpenFOAM-2.4.0-MNF/platforms/linux64GccMNF-MUIDPOpt/bin/foamToGMV' is up to date.
Did not find tecio in /home/ktc05078/OpenFOAM/ThirdParty-2.4.0-MNF. Not building foamToTecplot360.
make[2]: '/home/ktc05078/OpenFOAM/OpenFOAM-2.4.0-MNF/platforms/linux64GccMNF-MUIDPOpt/bin/redistributePar' is up to date.
make[2]: '/home/ktc05078/OpenFOAM/OpenFOAM-2.4.0-MNF/platforms/linux64GccMNF-MUIDPOpt/bin/surfaceFeatureConvert' is up to date.
make[3]: '/home/ktc05078/OpenFOAM/OpenFOAM-2.4.0-MNF/platforms/linux64GccMNF-MUIDPOpt/bin/refineHexMesh' is up to date.
make[2]: '/home/ktc05078/OpenFOAM/OpenFOAM-2.4.0-MNF/platforms/linux64GccMNF-MUIDPOpt/bin/patchSummary' is up to date.
make[3]: '/home/ktc05078/OpenFOAM/OpenFOAM-2.4.0-MNF/platforms/linux64GccMNF-MUIDPOpt/bin/ansysToFoam' is up to date.
make[2]: '/home/ktc05078/OpenFOAM/OpenFOAM-2.4.0-MNF/platforms/linux64GccMNF-MUIDPOpt/bin/createExternalCoupledPatchGeometry' is up to date.
make[3]: '/home/ktc05078/OpenFOAM/OpenFOAM-2.4.0-MNF/platforms/linux64GccMNF-MUIDPOpt/bin/refineWallLayer' is up to date.
make[3]: '/home/ktc05078/OpenFOAM/OpenFOAM-2.4.0-MNF/platforms/linux64GccMNF-MUIDPOpt/bin/foamToTetDualMesh' is up to date.
make[2]: '/home/ktc05078/OpenFOAM/OpenFOAM-2.4.0-MNF/platforms/linux64GccMNF-MUIDPOpt/bin/surfaceFeatureExtract' is up to date.
make[3]: '/home/ktc05078/OpenFOAM/OpenFOAM-2.4.0-MNF/platforms/linux64GccMNF-MUIDPOpt/bin/cfx4ToFoam' is up to date.
make[3]: '/home/ktc05078/OpenFOAM/OpenFOAM-2.4.0-MNF/platforms/linux64GccMNF-MUIDPOpt/bin/refinementLevel' is up to date.
make[2]: '/home/ktc05078/OpenFOAM/OpenFOAM-2.4.0-MNF/platforms/linux64GccMNF-MUIDPOpt/bin/engineSwirl' is up to date.
make[2]: '/home/ktc05078/OpenFOAM/OpenFOAM-2.4.0-MNF/platforms/linux64GccMNF-MUIDPOpt/bin/surfaceFind' is up to date.
make[3]: '/home/ktc05078/OpenFOAM/OpenFOAM-2.4.0-MNF/platforms/linux64GccMNF-MUIDPOpt/bin/dsmcInitialise' is up to date.
make[3]: '/home/ktc05078/OpenFOAM/OpenFOAM-2.4.0-MNF/platforms/linux64GccMNF-MUIDPOpt/bin/datToFoam' is up to date.
make[3]: '/home/ktc05078/OpenFOAM/OpenFOAM-2.4.0-MNF/platforms/linux64GccMNF-MUIDPOpt/bin/foamToVTK' is up to date.
make[3]: '/home/ktc05078/OpenFOAM/OpenFOAM-2.4.0-MNF/platforms/linux64GccMNF-MUIDPOpt/bin/removeFaces' is up to date.
make[2]: '/home/ktc05078/OpenFOAM/OpenFOAM-2.4.0-MNF/platforms/linux64GccMNF-MUIDPOpt/bin/surfaceHookUp' is up to date.
make[3]: '/home/ktc05078/OpenFOAM/OpenFOAM-2.4.0-MNF/platforms/linux64GccMNF-MUIDPOpt/bin/fluent3DMeshToFoam' is up to date.
make[3]: '/home/ktc05078/OpenFOAM/OpenFOAM-2.4.0-MNF/platforms/linux64GccMNF-MUIDPOpt/bin/selectCells' is up to date.
make[2]: '/home/ktc05078/OpenFOAM/OpenFOAM-2.4.0-MNF/platforms/linux64GccMNF-MUIDPOpt/bin/faceAgglomerate' is up to date.
make[3]: '/home/ktc05078/OpenFOAM/OpenFOAM-2.4.0-MNF/platforms/linux64GccMNF-MUIDPOpt/bin/fluentMeshToFoam' is up to date.
make[2]: '/home/ktc05078/OpenFOAM/OpenFOAM-2.4.0-MNF/platforms/linux64GccMNF-MUIDPOpt/bin/surfaceInertia' is up to date.
make[3]: '/home/ktc05078/OpenFOAM/OpenFOAM-2.4.0-MNF/platforms/linux64GccMNF-MUIDPOpt/bin/splitCells' is up to date.
make[3]: '/home/ktc05078/OpenFOAM/OpenFOAM-2.4.0-MNF/platforms/linux64GccMNF-MUIDPOpt/bin/foamMeshToFluent' is up to date.
make[3]: '/home/ktc05078/OpenFOAM/OpenFOAM-2.4.0-MNF/platforms/linux64GccMNF-MUIDPOpt/bin/smapToFoam' is up to date.
make[2]: '/home/ktc05078/OpenFOAM/OpenFOAM-2.4.0-MNF/platforms/linux64GccMNF-MUIDPOpt/bin/foamUpgradeFvSolution' is up to date.
WARN: PV3 readers not building: ParaView_VERSION=4.1.0
make[2]: '/home/ktc05078/OpenFOAM/OpenFOAM-2.4.0-MNF/platforms/linux64GccMNF-MUIDPOpt/bin/foamUpgradeCyclics' is up to date.
make[2]: '/home/ktc05078/OpenFOAM/OpenFOAM-2.4.0-MNF/platforms/linux64GccMNF-MUIDPOpt/bin/surfaceLambdaMuSmooth' is up to date.
make[3]: '/home/ktc05078/OpenFOAM/OpenFOAM-2.4.0-MNF/platforms/linux64GccMNF-MUIDPOpt/bin/foamToStarMesh' is up to date.
'/home/ktc05078/OpenFOAM/OpenFOAM-2.4.0-MNF/platforms/linux64GccMNF-MUIDPOpt/lib/libvtkPV4Readers.so' is up to date.
+ [ -d /home/ktc05078/OpenFOAM/ThirdParty-2.4.0-MNF/platforms/linux64GccMNF-MUI/ParaView-4.1.0 -a -r /home/ktc05078/OpenFOAM/ThirdParty-2.4.0-MNF/platforms/linux64GccMNF-MUI/ParaView-4.1.0 ]
+ wmake libso vtkPV4blockMesh
make[4]: '/home/ktc05078/OpenFOAM/OpenFOAM-2.4.0-MNF/platforms/linux64GccMNF-MUIDPOpt/bin/combineZones' is up to date.
make[2]: '/home/ktc05078/OpenFOAM/OpenFOAM-2.4.0-MNF/platforms/linux64GccMNF-MUIDPOpt/bin/surfaceMeshConvert' is up to date.
make[2]: '/home/ktc05078/OpenFOAM/OpenFOAM-2.4.0-MNF/platforms/linux64GccMNF-MUIDPOpt/bin/foamCalc' is up to date.
make[2]: '/home/ktc05078/OpenFOAM/OpenFOAM-2.4.0-MNF/platforms/linux64GccMNF-MUIDPOpt/bin/mapFields' is up to date.
make[3]: '/home/ktc05078/OpenFOAM/OpenFOAM-2.4.0-MNF/platforms/linux64GccMNF-MUIDPOpt/bin/foamToSurface' is up to date.
'/home/ktc05078/OpenFOAM/OpenFOAM-2.4.0-MNF/platforms/linux64GccMNF-MUIDPOpt/lib/libvtkPV4blockMesh.so' is up to date.
+ cd PV4blockMeshReader
+ mkdir -p Make/linux64GccMNF-MUIDPOpt
+ cd Make/linux64GccMNF-MUIDPOpt
+ cmake ../..
make[2]: '/home/ktc05078/OpenFOAM/OpenFOAM-2.4.0-MNF/platforms/linux64GccMNF-MUIDPOpt/bin/surfaceMeshExport' is up to date.
make[2]: '/home/ktc05078/OpenFOAM/OpenFOAM-2.4.0-MNF/platforms/linux64GccMNF-MUIDPOpt/bin/surfaceMeshConvertTesting' is up to date.
make[2]: '/home/ktc05078/OpenFOAM/OpenFOAM-2.4.0-MNF/platforms/linux64GccMNF-MUIDPOpt/bin/surfaceMeshImport' is up to date.
make[4]: '/home/ktc05078/OpenFOAM/OpenFOAM-2.4.0-MNF/platforms/linux64GccMNF-MUIDPOpt/bin/createCellZones' is up to date.
make[3]: '/home/ktc05078/OpenFOAM/OpenFOAM-2.4.0-MNF/platforms/linux64GccMNF-MUIDPOpt/bin/gambitToFoam' is up to date.
make[2]: '/home/ktc05078/OpenFOAM/OpenFOAM-2.4.0-MNF/platforms/linux64GccMNF-MUIDPOpt/bin/surfaceMeshTriangulate' is up to date.
make[2]: '/home/ktc05078/OpenFOAM/OpenFOAM-2.4.0-MNF/platforms/linux64GccMNF-MUIDPOpt/bin/surfaceMeshInfo' is up to date.
make[3]: '/home/ktc05078/OpenFOAM/OpenFOAM-2.4.0-MNF/platforms/linux64GccMNF-MUIDPOpt/bin/gmshToFoam' is up to date.
make[2]: '/home/ktc05078/OpenFOAM/OpenFOAM-2.4.0-MNF/platforms/linux64GccMNF-MUIDPOpt/bin/setFields' is up to date.
make[2]: '/home/ktc05078/OpenFOAM/OpenFOAM-2.4.0-MNF/platforms/linux64GccMNF-MUIDPOpt/bin/surfaceOrient' is up to date.
make[2]: '/home/ktc05078/OpenFOAM/OpenFOAM-2.4.0-MNF/platforms/linux64GccMNF-MUIDPOpt/bin/surfacePointMerge' is up to date.
make[4]: '/home/ktc05078/OpenFOAM/OpenFOAM-2.4.0-MNF/platforms/linux64GccMNF-MUIDPOpt/bin/createCyclicBoundaries' is up to date.
+ wmake libso tabulatedWallFunction
make[3]: '/home/ktc05078/OpenFOAM/OpenFOAM-2.4.0-MNF/platforms/linux64GccMNF-MUIDPOpt/bin/ideasUnvToFoam' is up to date.
'/home/ktc05078/OpenFOAM/OpenFOAM-2.4.0-MNF/platforms/linux64GccMNF-MUIDPOpt/lib/libtabulatedWallFunctions.so' is up to date.
+ wmake
make[2]: '/home/ktc05078/OpenFOAM/OpenFOAM-2.4.0-MNF/platforms/linux64GccMNF-MUIDPOpt/bin/surfaceRedistributePar' is up to date.
make[3]: '/home/ktc05078/OpenFOAM/OpenFOAM-2.4.0-MNF/platforms/linux64GccMNF-MUIDPOpt/bin/kivaToFoam' is up to date.
make[4]: '/home/ktc05078/OpenFOAM/OpenFOAM-2.4.0-MNF/platforms/linux64GccMNF-MUIDPOpt/bin/createFaceZones' is up to date.
make[2]: '/home/ktc05078/OpenFOAM/OpenFOAM-2.4.0-MNF/platforms/linux64GccMNF-MUIDPOpt/bin/viewFactorsGen' is up to date.
make[2]: '/home/ktc05078/OpenFOAM/OpenFOAM-2.4.0-MNF/platforms/linux64GccMNF-MUIDPOpt/bin/surfaceRefineRedGreen' is up to date.
make[3]: '/home/ktc05078/OpenFOAM/OpenFOAM-2.4.0-MNF/platforms/linux64GccMNF-MUIDPOpt/bin/mshToFoam' is up to date.
make[3]: '/home/ktc05078/OpenFOAM/OpenFOAM-2.4.0-MNF/platforms/linux64GccMNF-MUIDPOpt/bin/netgenNeutralToFoam' is up to date.
CMake Warning (dev) at CMakeLists.txt:74 (TARGET_LINK_LIBRARIES):
  Policy CMP0023 is not set: Plain and keyword target_link_libraries
  signatures cannot be mixed.  Run "cmake --help-policy CMP0023" for policy
  details.  Use the cmake_policy command to set the policy and suppress this
  warning.

  The keyword signature for target_link_libraries has already been used with
  the target "PV4blockMeshReader_SM".  All uses of target_link_libraries with
  a target should be either all-keyword or all-plain.

  The uses of the keyword signature are here:

   * /home/ktc05078/OpenFOAM/ThirdParty-2.4.0-MNF/platforms/linux64GccMNF-MUI/ParaView-4.1.0/lib/cmake/paraview-4.1/ParaViewPlugins.cmake:1108 (target_link_libraries)
   * /home/ktc05078/OpenFOAM/ThirdParty-2.4.0-MNF/platforms/linux64GccMNF-MUI/ParaView-4.1.0/lib/cmake/paraview-4.1/ParaViewPlugins.cmake:1111 (target_link_libraries)

This warning is for project developers.  Use -Wno-dev to suppress it.

-- Configuring done
make[2]: '/home/ktc05078/OpenFOAM/OpenFOAM-2.4.0-MNF/platforms/linux64GccMNF-MUIDPOpt/bin/wallFunctionTable' is up to date.
make[2]: '/home/ktc05078/OpenFOAM/OpenFOAM-2.4.0-MNF/platforms/linux64GccMNF-MUIDPOpt/bin/surfaceSplitByPatch' is up to date.
make[4]: '/home/ktc05078/OpenFOAM/OpenFOAM-2.4.0-MNF/platforms/linux64GccMNF-MUIDPOpt/bin/createZoneInMesh' is up to date.
-- Generating done
-- Build files have been written to: /home/ktc05078/OpenFOAM/OpenFOAM-2.4.0-MNF/applications/utilities/postProcessing/graphics/PV4Readers/PV4blockMeshReader/PV4blockMeshReader/Make/linux64GccMNF-MUIDPOpt
make[3]: '/home/ktc05078/OpenFOAM/OpenFOAM-2.4.0-MNF/platforms/linux64GccMNF-MUIDPOpt/bin/plot3dToFoam' is up to date.
+ make
make[2]: '/home/ktc05078/OpenFOAM/OpenFOAM-2.4.0-MNF/platforms/linux64GccMNF-MUIDPOpt/bin/surfaceSplitByTopology' is up to date.
make[3]: '/home/ktc05078/OpenFOAM/OpenFOAM-2.4.0-MNF/platforms/linux64GccMNF-MUIDPOpt/bin/particleTracks' is up to date.
[100%] Built target PV4blockMeshReader_SM
+ [ -d /home/ktc05078/OpenFOAM/ThirdParty-2.4.0-MNF/platforms/linux64GccMNF-MUI/ParaView-4.1.0 -a -r /home/ktc05078/OpenFOAM/ThirdParty-2.4.0-MNF/platforms/linux64GccMNF-MUI/ParaView-4.1.0 ]
+ wmake libso vtkPV4Foam
make[3]: '/home/ktc05078/OpenFOAM/OpenFOAM-2.4.0-MNF/platforms/linux64GccMNF-MUIDPOpt/bin/steadyParticleTracks' is up to date.
make[2]: '/home/ktc05078/OpenFOAM/OpenFOAM-2.4.0-MNF/platforms/linux64GccMNF-MUIDPOpt/bin/surfaceSplitNonManifolds' is up to date.
make[3]: '/home/ktc05078/OpenFOAM/OpenFOAM-2.4.0-MNF/platforms/linux64GccMNF-MUIDPOpt/bin/sammToFoam' is up to date.
g++ -m64 -std=c++11 -Dlinux64 -DWM_DP -DUSE_RANDOM -DUSE_MUI -Wall -Wextra -Wno-unused-parameter -Wnon-virtual-dtor -O3 -march=native  -DNoRepository -ftemplate-depth-100 -DOMPI_SKIP_MPICXX 	-I/usr/lib/openmpi/include/openmpi/opal/mca/event/libevent2021/libevent -I/usr/lib/openmpi/include/openmpi/opal/mca/event/libevent2021/libevent/include -I/usr/lib/openmpi/include -I/usr/lib/openmpi/include/openmpi -pthread 	-I/home/ktc05078/OpenFOAM/ThirdParty-2.4.0-MNF/platforms/linux64GccMNF-MUI/MUI -I/home/ktc05078/OpenFOAM/OpenFOAM-2.4.0-MNF/src/finiteVolume/lnInclude -I/home/ktc05078/OpenFOAM/OpenFOAM-2.4.0-MNF/src/meshTools/lnInclude -I/home/ktc05078/OpenFOAM/OpenFOAM-2.4.0-MNF/src/lagrangian/basic/lnInclude -I/home/ktc05078/OpenFOAM/OpenFOAM-2.4.0-MNF/src/lagrangian/molecularDynamics/polyCloud/lnInclude -I/home/ktc05078/OpenFOAM/OpenFOAM-2.4.0-MNF/src/lagrangian/molecularDynamics/polyCloud/mdTools -I/home/ktc05078/OpenFOAM/OpenFOAM-2.4.0-MNF/src/lagrangian/molecularDynamics/general/lnInclude -I/home/ktc05078/OpenFOAM/OpenFOAM-2.4.0-MNF/src/lagrangian/molecularDynamics/general/includeFiles  -IlnInclude -I. -I/home/ktc05078/OpenFOAM/OpenFOAM-2.4.0-MNF/src/OpenFOAM/lnInclude -I/home/ktc05078/OpenFOAM/OpenFOAM-2.4.0-MNF/src/OSspecific/POSIX/lnInclude   -fPIC -Xlinker --add-needed -Xlinker --no-as-needed Make/linux64GccMNF-MUIDPOpt/createWeightField.o -L/home/ktc05078/OpenFOAM/OpenFOAM-2.4.0-MNF/platforms/linux64GccMNF-MUIDPOpt/lib \
     -pthread -Wl,-rpath -Wl,/usr/lib/openmpi/lib -Wl,--enable-new-dtags -L/usr/lib/openmpi/lib -lmpi -lfiniteVolume -lmeshTools -llagrangian -lpolyCloud -lgeneralMolecule -lOpenFOAM -ldl   -lm -o /home/ktc05078/OpenFOAM/OpenFOAM-2.4.0-MNF/platforms/linux64GccMNF-MUIDPOpt/bin/createWeightField
make[2]: '/home/ktc05078/OpenFOAM/OpenFOAM-2.4.0-MNF/platforms/linux64GccMNF-MUIDPOpt/bin/surfaceSubset' is up to date.
'/home/ktc05078/OpenFOAM/OpenFOAM-2.4.0-MNF/platforms/linux64GccMNF-MUIDPOpt/lib/libvtkPV4Foam.so' is up to date.
+ cd PV4FoamReader
+ mkdir -p Make/linux64GccMNF-MUIDPOpt
+ cd Make/linux64GccMNF-MUIDPOpt
+ cmake ../..
make[3]: '/home/ktc05078/OpenFOAM/OpenFOAM-2.4.0-MNF/platforms/linux64GccMNF-MUIDPOpt/bin/star3ToFoam' is up to date.
g++ -m64 -std=c++11 -Dlinux64 -DWM_DP -DUSE_RANDOM -DUSE_MUI -Wall -Wextra -Wno-unused-parameter -Wnon-virtual-dtor -O3 -march=native  -DNoRepository -ftemplate-depth-100 -DOMPI_SKIP_MPICXX 	-I/usr/lib/openmpi/include/openmpi/opal/mca/event/libevent2021/libevent -I/usr/lib/openmpi/include/openmpi/opal/mca/event/libevent2021/libevent/include -I/usr/lib/openmpi/include -I/usr/lib/openmpi/include/openmpi -pthread 	-I/home/ktc05078/OpenFOAM/ThirdParty-2.4.0-MNF/platforms/linux64GccMNF-MUI/MUI -I/home/ktc05078/OpenFOAM/OpenFOAM-2.4.0-MNF/src/finiteVolume/lnInclude -I/home/ktc05078/OpenFOAM/OpenFOAM-2.4.0-MNF/src/meshTools/lnInclude -I/home/ktc05078/OpenFOAM/OpenFOAM-2.4.0-MNF/src/lagrangian/basic/lnInclude -I/home/ktc05078/OpenFOAM/OpenFOAM-2.4.0-MNF/src/lagrangian/molecularDynamics/polyCloud/lnInclude -I/home/ktc05078/OpenFOAM/OpenFOAM-2.4.0-MNF/src/lagrangian/molecularDynamics/polyCloud/mdTools -I/home/ktc05078/OpenFOAM/OpenFOAM-2.4.0-MNF/src/lagrangian/molecularDynamics/general/lnInclude -I/home/ktc05078/OpenFOAM/OpenFOAM-2.4.0-MNF/src/lagrangian/molecularDynamics/general/includeFiles  -IlnInclude -I. -I/home/ktc05078/OpenFOAM/OpenFOAM-2.4.0-MNF/src/OpenFOAM/lnInclude -I/home/ktc05078/OpenFOAM/OpenFOAM-2.4.0-MNF/src/OSspecific/POSIX/lnInclude   -fPIC -Xlinker --add-needed -Xlinker --no-as-needed Make/linux64GccMNF-MUIDPOpt/deleteMolecules.o -L/home/ktc05078/OpenFOAM/OpenFOAM-2.4.0-MNF/platforms/linux64GccMNF-MUIDPOpt/lib \
     -pthread -Wl,-rpath -Wl,/usr/lib/openmpi/lib -Wl,--enable-new-dtags -L/usr/lib/openmpi/lib -lmpi -lfiniteVolume -lmeshTools -llagrangian -lpolyCloud -lgeneralMolecule -lOpenFOAM -ldl   -lm -o /home/ktc05078/OpenFOAM/OpenFOAM-2.4.0-MNF/platforms/linux64GccMNF-MUIDPOpt/bin/deleteMolecules
g++ -m64 -std=c++11 -Dlinux64 -DWM_DP -DUSE_RANDOM -DUSE_MUI -Wall -Wextra -Wno-unused-parameter -Wnon-virtual-dtor -O3 -march=native  -DNoRepository -ftemplate-depth-100 -DOMPI_SKIP_MPICXX 	-I/usr/lib/openmpi/include/openmpi/opal/mca/event/libevent2021/libevent -I/usr/lib/openmpi/include/openmpi/opal/mca/event/libevent2021/libevent/include -I/usr/lib/openmpi/include -I/usr/lib/openmpi/include/openmpi -pthread 	-I/home/ktc05078/OpenFOAM/ThirdParty-2.4.0-MNF/platforms/linux64GccMNF-MUI/MUI -I/home/ktc05078/OpenFOAM/OpenFOAM-2.4.0-MNF/src/finiteVolume/lnInclude -I/home/ktc05078/OpenFOAM/OpenFOAM-2.4.0-MNF/src/meshTools/lnInclude -I/home/ktc05078/OpenFOAM/OpenFOAM-2.4.0-MNF/src/lagrangian/basic/lnInclude -I/home/ktc05078/OpenFOAM/OpenFOAM-2.4.0-MNF/src/lagrangian/molecularDynamics/polyCloud/lnInclude -I/home/ktc05078/OpenFOAM/OpenFOAM-2.4.0-MNF/src/lagrangian/molecularDynamics/polyCloud/mdTools -I/home/ktc05078/OpenFOAM/OpenFOAM-2.4.0-MNF/src/lagrangian/molecularDynamics/general/lnInclude -I/home/ktc05078/OpenFOAM/OpenFOAM-2.4.0-MNF/src/lagrangian/molecularDynamics/general/includeFiles  -IlnInclude -I. -I/home/ktc05078/OpenFOAM/OpenFOAM-2.4.0-MNF/src/OpenFOAM/lnInclude -I/home/ktc05078/OpenFOAM/OpenFOAM-2.4.0-MNF/src/OSspecific/POSIX/lnInclude   -fPIC -Xlinker --add-needed -Xlinker --no-as-needed Make/linux64GccMNF-MUIDPOpt/mapLagrangianFields.o -L/home/ktc05078/OpenFOAM/OpenFOAM-2.4.0-MNF/platforms/linux64GccMNF-MUIDPOpt/lib \
     -pthread -Wl,-rpath -Wl,/usr/lib/openmpi/lib -Wl,--enable-new-dtags -L/usr/lib/openmpi/lib -lmpi -lfiniteVolume -lmeshTools -llagrangian -lpolyCloud -lgeneralMolecule -lOpenFOAM -ldl   -lm -o /home/ktc05078/OpenFOAM/OpenFOAM-2.4.0-MNF/platforms/linux64GccMNF-MUIDPOpt/bin/mapLagrangianFields
make[2]: '/home/ktc05078/OpenFOAM/OpenFOAM-2.4.0-MNF/platforms/linux64GccMNF-MUIDPOpt/bin/surfaceToPatch' is up to date.
/home/ktc05078/OpenFOAM/OpenFOAM-2.4.0-MNF/platforms/linux64GccMNF-MUIDPOpt/lib/libpolyCloud.so: undefined reference to `Foam::couplingMD::interface1d() const'
collect2: error: ld returned 1 exit status
/home/ktc05078/OpenFOAM/OpenFOAM-2.4.0-MNF/wmake/Makefile:149: recipe for target '/home/ktc05078/OpenFOAM/OpenFOAM-2.4.0-MNF/platforms/linux64GccMNF-MUIDPOpt/bin/createWeightField' failed
make[4]: *** [/home/ktc05078/OpenFOAM/OpenFOAM-2.4.0-MNF/platforms/linux64GccMNF-MUIDPOpt/bin/createWeightField] Error 1
/home/ktc05078/OpenFOAM/OpenFOAM-2.4.0-MNF/wmake/MakefileApps:39: recipe for target 'createWeightField' failed
make[3]: *** [createWeightField] Error 2
make[3]: '/home/ktc05078/OpenFOAM/OpenFOAM-2.4.0-MNF/platforms/linux64GccMNF-MUIDPOpt/bin/star4ToFoam' is up to date.
make[2]: '/home/ktc05078/OpenFOAM/OpenFOAM-2.4.0-MNF/platforms/linux64GccMNF-MUIDPOpt/bin/surfaceTransformPoints' is up to date.
make[3]: '/home/ktc05078/OpenFOAM/OpenFOAM-2.4.0-MNF/platforms/linux64GccMNF-MUIDPOpt/bin/tetgenToFoam' is up to date.
make[3]: '/home/ktc05078/OpenFOAM/OpenFOAM-2.4.0-MNF/platforms/linux64GccMNF-MUIDPOpt/bin/vtkUnstructuredToFoam' is up to date.
/home/ktc05078/OpenFOAM/OpenFOAM-2.4.0-MNF/platforms/linux64GccMNF-MUIDPOpt/lib/libpolyCloud.so: undefined reference to `Foam::couplingMD::interface1d() const'
collect2: error: ld returned 1 exit status
/home/ktc05078/OpenFOAM/OpenFOAM-2.4.0-MNF/wmake/Makefile:149: recipe for target '/home/ktc05078/OpenFOAM/OpenFOAM-2.4.0-MNF/platforms/linux64GccMNF-MUIDPOpt/bin/deleteMolecules' failed
make[4]: *** [/home/ktc05078/OpenFOAM/OpenFOAM-2.4.0-MNF/platforms/linux64GccMNF-MUIDPOpt/bin/deleteMolecules] Error 1
/home/ktc05078/OpenFOAM/OpenFOAM-2.4.0-MNF/wmake/MakefileApps:39: recipe for target 'deleteMolecules' failed
make[3]: *** [deleteMolecules] Error 2
make[2]: '/home/ktc05078/OpenFOAM/OpenFOAM-2.4.0-MNF/platforms/linux64GccMNF-MUIDPOpt/bin/adiabaticFlameT' is up to date.
/home/ktc05078/OpenFOAM/OpenFOAM-2.4.0-MNF/platforms/linux64GccMNF-MUIDPOpt/lib/libpolyCloud.so: undefined reference to `Foam::couplingMD::interface1d() const'
collect2: error: ld returned 1 exit status
/home/ktc05078/OpenFOAM/OpenFOAM-2.4.0-MNF/wmake/Makefile:149: recipe for target '/home/ktc05078/OpenFOAM/OpenFOAM-2.4.0-MNF/platforms/linux64GccMNF-MUIDPOpt/bin/mapLagrangianFields' failed
make[4]: *** [/home/ktc05078/OpenFOAM/OpenFOAM-2.4.0-MNF/platforms/linux64GccMNF-MUIDPOpt/bin/mapLagrangianFields] Error 1
/home/ktc05078/OpenFOAM/OpenFOAM-2.4.0-MNF/wmake/MakefileApps:39: recipe for target 'mapLagrangianFields' failed
make[3]: *** [mapLagrangianFields] Error 2
+ wmake all blockMesh
make[2]: '/home/ktc05078/OpenFOAM/OpenFOAM-2.4.0-MNF/platforms/linux64GccMNF-MUIDPOpt/bin/chemkinToFoam' is up to date.
make[3]: '/home/ktc05078/OpenFOAM/OpenFOAM-2.4.0-MNF/platforms/linux64GccMNF-MUIDPOpt/bin/writeMeshObj' is up to date.
make[2]: '/home/ktc05078/OpenFOAM/OpenFOAM-2.4.0-MNF/platforms/linux64GccMNF-MUIDPOpt/bin/equilibriumCO' is up to date.
make[2]: '/home/ktc05078/OpenFOAM/OpenFOAM-2.4.0-MNF/platforms/linux64GccMNF-MUIDPOpt/bin/blockMesh' is up to date.
+ wmake all extrude
+ wmake extrudeMesh
make[3]: '/home/ktc05078/OpenFOAM/OpenFOAM-2.4.0-MNF/platforms/linux64GccMNF-MUIDPOpt/bin/attachMesh' is up to date.
make[2]: '/home/ktc05078/OpenFOAM/OpenFOAM-2.4.0-MNF/platforms/linux64GccMNF-MUIDPOpt/bin/equilibriumFlameT' is up to date.
make[2]: '/home/ktc05078/OpenFOAM/OpenFOAM-2.4.0-MNF/platforms/linux64GccMNF-MUIDPOpt/bin/mixtureAdiabaticFlameT' is up to date.
g++ -m64 -std=c++11 -Dlinux64 -DWM_DP -DUSE_RANDOM -DUSE_MUI -Wall -Wextra -Wno-unused-parameter -Wnon-virtual-dtor -O3 -march=native  -DNoRepository -ftemplate-depth-100 -DOMPI_SKIP_MPICXX 	-I/usr/lib/openmpi/include/openmpi/opal/mca/event/libevent2021/libevent -I/usr/lib/openmpi/include/openmpi/opal/mca/event/libevent2021/libevent/include -I/usr/lib/openmpi/include -I/usr/lib/openmpi/include/openmpi -pthread 	-I/home/ktc05078/OpenFOAM/ThirdParty-2.4.0-MNF/platforms/linux64GccMNF-MUI/MUI -I/home/ktc05078/OpenFOAM/OpenFOAM-2.4.0-MNF/src/finiteVolume/lnInclude -I/home/ktc05078/OpenFOAM/OpenFOAM-2.4.0-MNF/src/meshTools/lnInclude -I/home/ktc05078/OpenFOAM/OpenFOAM-2.4.0-MNF/src/lagrangian/basic/lnInclude -I/home/ktc05078/OpenFOAM/OpenFOAM-2.4.0-MNF/src/lagrangian/molecularDynamics/polyCloud/lnInclude -I/home/ktc05078/OpenFOAM/OpenFOAM-2.4.0-MNF/src/lagrangian/molecularDynamics/polyCloud/mdTools -I/home/ktc05078/OpenFOAM/OpenFOAM-2.4.0-MNF/src/lagrangian/molecularDynamics/general/lnInclude -I/home/ktc05078/OpenFOAM/OpenFOAM-2.4.0-MNF/src/lagrangian/molecularDynamics/general/includeFiles  -IlnInclude -I. -I/home/ktc05078/OpenFOAM/OpenFOAM-2.4.0-MNF/src/OpenFOAM/lnInclude -I/home/ktc05078/OpenFOAM/OpenFOAM-2.4.0-MNF/src/OSspecific/POSIX/lnInclude   -fPIC -Xlinker --add-needed -Xlinker --no-as-needed Make/linux64GccMNF-MUIDPOpt/mapTwoLagrangianFields.o -L/home/ktc05078/OpenFOAM/OpenFOAM-2.4.0-MNF/platforms/linux64GccMNF-MUIDPOpt/lib \
     -pthread -Wl,-rpath -Wl,/usr/lib/openmpi/lib -Wl,--enable-new-dtags -L/usr/lib/openmpi/lib -lmpi -lfiniteVolume -lmeshTools -llagrangian -lpolyCloud -lgeneralMolecule -lOpenFOAM -ldl   -lm -o /home/ktc05078/OpenFOAM/OpenFOAM-2.4.0-MNF/platforms/linux64GccMNF-MUIDPOpt/bin/mapTwoLagrangianFields
make[3]: '/home/ktc05078/OpenFOAM/OpenFOAM-2.4.0-MNF/platforms/linux64GccMNF-MUIDPOpt/bin/autoPatch' is up to date.
make[2]: '/home/ktc05078/OpenFOAM/OpenFOAM-2.4.0-MNF/platforms/linux64GccMNF-MUIDPOpt/bin/extrudeMesh' is up to date.
+ wmake extrudeToRegionMesh
CMake Warning (dev) at CMakeLists.txt:73 (TARGET_LINK_LIBRARIES):
  Policy CMP0023 is not set: Plain and keyword target_link_libraries
  signatures cannot be mixed.  Run "cmake --help-policy CMP0023" for policy
  details.  Use the cmake_policy command to set the policy and suppress this
  warning.

  The keyword signature for target_link_libraries has already been used with
  the target "PV4FoamReader_SM".  All uses of target_link_libraries with a
  target should be either all-keyword or all-plain.

  The uses of the keyword signature are here:

   * /home/ktc05078/OpenFOAM/ThirdParty-2.4.0-MNF/platforms/linux64GccMNF-MUI/ParaView-4.1.0/lib/cmake/paraview-4.1/ParaViewPlugins.cmake:1108 (target_link_libraries)
   * /home/ktc05078/OpenFOAM/ThirdParty-2.4.0-MNF/platforms/linux64GccMNF-MUI/ParaView-4.1.0/lib/cmake/paraview-4.1/ParaViewPlugins.cmake:1111 (target_link_libraries)

This warning is for project developers.  Use -Wno-dev to suppress it.

-- Configuring done
g++ -m64 -std=c++11 -Dlinux64 -DWM_DP -DUSE_RANDOM -DUSE_MUI -Wall -Wextra -Wno-unused-parameter -Wnon-virtual-dtor -O3 -march=native  -DNoRepository -ftemplate-depth-100 -DOMPI_SKIP_MPICXX 	-I/usr/lib/openmpi/include/openmpi/opal/mca/event/libevent2021/libevent -I/usr/lib/openmpi/include/openmpi/opal/mca/event/libevent2021/libevent/include -I/usr/lib/openmpi/include -I/usr/lib/openmpi/include/openmpi -pthread 	-I/home/ktc05078/OpenFOAM/ThirdParty-2.4.0-MNF/platforms/linux64GccMNF-MUI/MUI -I/home/ktc05078/OpenFOAM/OpenFOAM-2.4.0-MNF/src/finiteVolume/lnInclude -I/home/ktc05078/OpenFOAM/OpenFOAM-2.4.0-MNF/src/meshTools/lnInclude -I/home/ktc05078/OpenFOAM/OpenFOAM-2.4.0-MNF/src/lagrangian/basic/lnInclude -I/home/ktc05078/OpenFOAM/OpenFOAM-2.4.0-MNF/src/lagrangian/molecularDynamics/polyCloud/lnInclude -I/home/ktc05078/OpenFOAM/OpenFOAM-2.4.0-MNF/src/lagrangian/molecularDynamics/polyCloud/mdTools -I/home/ktc05078/OpenFOAM/OpenFOAM-2.4.0-MNF/src/lagrangian/molecularDynamics/general/lnInclude -I/home/ktc05078/OpenFOAM/OpenFOAM-2.4.0-MNF/src/lagrangian/molecularDynamics/general/includeFiles  -IlnInclude -I. -I/home/ktc05078/OpenFOAM/OpenFOAM-2.4.0-MNF/src/OpenFOAM/lnInclude -I/home/ktc05078/OpenFOAM/OpenFOAM-2.4.0-MNF/src/OSspecific/POSIX/lnInclude   -fPIC -Xlinker --add-needed -Xlinker --no-as-needed Make/linux64GccMNF-MUIDPOpt/mdInitialiseField.o -L/home/ktc05078/OpenFOAM/OpenFOAM-2.4.0-MNF/platforms/linux64GccMNF-MUIDPOpt/lib \
     -pthread -Wl,-rpath -Wl,/usr/lib/openmpi/lib -Wl,--enable-new-dtags -L/usr/lib/openmpi/lib -lmpi -lfiniteVolume -lmeshTools -llagrangian -lpolyCloud -lgeneralMolecule -lOpenFOAM -ldl   -lm -o /home/ktc05078/OpenFOAM/OpenFOAM-2.4.0-MNF/platforms/linux64GccMNF-MUIDPOpt/bin/mdInitialiseField
make[3]: '/home/ktc05078/OpenFOAM/OpenFOAM-2.4.0-MNF/platforms/linux64GccMNF-MUIDPOpt/bin/checkMesh' is up to date.
make[3]: '/home/ktc05078/OpenFOAM/OpenFOAM-2.4.0-MNF/platforms/linux64GccMNF-MUIDPOpt/bin/dsmcLogarithmicScale' is up to date.
-- Generating done
-- Build files have been written to: /home/ktc05078/OpenFOAM/OpenFOAM-2.4.0-MNF/applications/utilities/postProcessing/graphics/PV4Readers/PV4FoamReader/PV4FoamReader/Make/linux64GccMNF-MUIDPOpt
+ make
make[2]: '/home/ktc05078/OpenFOAM/OpenFOAM-2.4.0-MNF/platforms/linux64GccMNF-MUIDPOpt/bin/extrudeToRegionMesh' is up to date.
+ wmake all extrude2DMesh
+ wmake libso extrude2DMesh
/home/ktc05078/OpenFOAM/OpenFOAM-2.4.0-MNF/platforms/linux64GccMNF-MUIDPOpt/lib/libpolyCloud.so: undefined reference to `Foam::couplingMD::interface1d() const'
collect2: error: ld returned 1 exit status
/home/ktc05078/OpenFOAM/OpenFOAM-2.4.0-MNF/wmake/Makefile:149: recipe for target '/home/ktc05078/OpenFOAM/OpenFOAM-2.4.0-MNF/platforms/linux64GccMNF-MUIDPOpt/bin/mapTwoLagrangianFields' failed
make[4]: *** [/home/ktc05078/OpenFOAM/OpenFOAM-2.4.0-MNF/platforms/linux64GccMNF-MUIDPOpt/bin/mapTwoLagrangianFields] Error 1
/home/ktc05078/OpenFOAM/OpenFOAM-2.4.0-MNF/wmake/MakefileApps:39: recipe for target 'mapTwoLagrangianFields' failed
make[3]: *** [mapTwoLagrangianFields] Error 2
[100%] Built target PV4FoamReader_SM
make[3]: '/home/ktc05078/OpenFOAM/OpenFOAM-2.4.0-MNF/platforms/linux64GccMNF-MUIDPOpt/bin/dsmcRayleighBrillouinSpectrum' is up to date.
make[3]: '/home/ktc05078/OpenFOAM/OpenFOAM-2.4.0-MNF/platforms/linux64GccMNF-MUIDPOpt/bin/createBaffles' is up to date.
/home/ktc05078/OpenFOAM/OpenFOAM-2.4.0-MNF/platforms/linux64GccMNF-MUIDPOpt/lib/libpolyCloud.so: undefined reference to `Foam::couplingMD::interface1d() const'
collect2: error: ld returned 1 exit status
/home/ktc05078/OpenFOAM/OpenFOAM-2.4.0-MNF/wmake/Makefile:149: recipe for target '/home/ktc05078/OpenFOAM/OpenFOAM-2.4.0-MNF/platforms/linux64GccMNF-MUIDPOpt/bin/mdInitialiseField' failed
make[4]: *** [/home/ktc05078/OpenFOAM/OpenFOAM-2.4.0-MNF/platforms/linux64GccMNF-MUIDPOpt/bin/mdInitialiseField] Error 1
/home/ktc05078/OpenFOAM/OpenFOAM-2.4.0-MNF/wmake/MakefileApps:39: recipe for target 'mdInitialiseField' failed
make[3]: *** [mdInitialiseField] Error 2
'/home/ktc05078/OpenFOAM/OpenFOAM-2.4.0-MNF/platforms/linux64GccMNF-MUIDPOpt/lib/libextrude2DMesh.so' is up to date.
+ wmake
make[2]: '/home/ktc05078/OpenFOAM/OpenFOAM-2.4.0-MNF/platforms/linux64GccMNF-MUIDPOpt/bin/noise' is up to date.
make[3]: '/home/ktc05078/OpenFOAM/OpenFOAM-2.4.0-MNF/platforms/linux64GccMNF-MUIDPOpt/bin/dsmcTimeCorrelationFunction' is up to date.
make[3]: '/home/ktc05078/OpenFOAM/OpenFOAM-2.4.0-MNF/platforms/linux64GccMNF-MUIDPOpt/bin/createPatch' is up to date.
'/home/ktc05078/OpenFOAM/OpenFOAM-2.4.0-MNF/platforms/linux64GccMNF-MUIDPOpt/lib/libuserd-foam.so' is up to date.
make[2]: '/home/ktc05078/OpenFOAM/OpenFOAM-2.4.0-MNF/platforms/linux64GccMNF-MUIDPOpt/bin/extrude2DMesh' is up to date.
+ wmake all snappyHexMesh
make[3]: '/home/ktc05078/OpenFOAM/OpenFOAM-2.4.0-MNF/platforms/linux64GccMNF-MUIDPOpt/bin/deformedGeom' is up to date.
make[3]: '/home/ktc05078/OpenFOAM/OpenFOAM-2.4.0-MNF/platforms/linux64GccMNF-MUIDPOpt/bin/engineCompRatio' is up to date.
g++ -m64 -std=c++11 -Dlinux64 -DWM_DP -DUSE_RANDOM -DUSE_MUI -Wall -Wextra -Wno-unused-parameter -Wnon-virtual-dtor -O3 -march=native  -DNoRepository -ftemplate-depth-100 -DOMPI_SKIP_MPICXX 	-I/usr/lib/openmpi/include/openmpi/opal/mca/event/libevent2021/libevent -I/usr/lib/openmpi/include/openmpi/opal/mca/event/libevent2021/libevent/include -I/usr/lib/openmpi/include -I/usr/lib/openmpi/include/openmpi -pthread 	-I/home/ktc05078/OpenFOAM/ThirdParty-2.4.0-MNF/platforms/linux64GccMNF-MUI/MUI -I/home/ktc05078/OpenFOAM/OpenFOAM-2.4.0-MNF/src/finiteVolume/lnInclude -I/home/ktc05078/OpenFOAM/OpenFOAM-2.4.0-MNF/src/meshTools/lnInclude -I/home/ktc05078/OpenFOAM/OpenFOAM-2.4.0-MNF/src/lagrangian/basic/lnInclude -I/home/ktc05078/OpenFOAM/OpenFOAM-2.4.0-MNF/src/lagrangian/molecularDynamics/polyCloud/lnInclude -I/home/ktc05078/OpenFOAM/OpenFOAM-2.4.0-MNF/src/lagrangian/molecularDynamics/polyCloud/mdTools -I/home/ktc05078/OpenFOAM/OpenFOAM-2.4.0-MNF/src/lagrangian/molecularDynamics/general/lnInclude -I/home/ktc05078/OpenFOAM/OpenFOAM-2.4.0-MNF/src/lagrangian/molecularDynamics/general/includeFiles  -IlnInclude -I. -I/home/ktc05078/OpenFOAM/OpenFOAM-2.4.0-MNF/src/OpenFOAM/lnInclude -I/home/ktc05078/OpenFOAM/OpenFOAM-2.4.0-MNF/src/OSspecific/POSIX/lnInclude   -fPIC -Xlinker --add-needed -Xlinker --no-as-needed Make/linux64GccMNF-MUIDPOpt/mdInitialiseInExistingField.o -L/home/ktc05078/OpenFOAM/OpenFOAM-2.4.0-MNF/platforms/linux64GccMNF-MUIDPOpt/lib \
     -pthread -Wl,-rpath -Wl,/usr/lib/openmpi/lib -Wl,--enable-new-dtags -L/usr/lib/openmpi/lib -lmpi -lfiniteVolume -lmeshTools -llagrangian -lpolyCloud -lgeneralMolecule -lOpenFOAM -ldl   -lm -o /home/ktc05078/OpenFOAM/OpenFOAM-2.4.0-MNF/platforms/linux64GccMNF-MUIDPOpt/bin/mdInitialiseInExistingField
g++ -m64 -std=c++11 -Dlinux64 -DWM_DP -DUSE_RANDOM -DUSE_MUI -Wall -Wextra -Wno-unused-parameter -Wnon-virtual-dtor -O3 -march=native  -DNoRepository -ftemplate-depth-100 -DOMPI_SKIP_MPICXX 	-I/usr/lib/openmpi/include/openmpi/opal/mca/event/libevent2021/libevent -I/usr/lib/openmpi/include/openmpi/opal/mca/event/libevent2021/libevent/include -I/usr/lib/openmpi/include -I/usr/lib/openmpi/include/openmpi -pthread 	-I/home/ktc05078/OpenFOAM/ThirdParty-2.4.0-MNF/platforms/linux64GccMNF-MUI/MUI -I/home/ktc05078/OpenFOAM/OpenFOAM-2.4.0-MNF/src/finiteVolume/lnInclude -I/home/ktc05078/OpenFOAM/OpenFOAM-2.4.0-MNF/src/meshTools/lnInclude -I/home/ktc05078/OpenFOAM/OpenFOAM-2.4.0-MNF/src/lagrangian/basic/lnInclude -I/home/ktc05078/OpenFOAM/OpenFOAM-2.4.0-MNF/src/lagrangian/molecularDynamics/polyCloud/lnInclude -I/home/ktc05078/OpenFOAM/OpenFOAM-2.4.0-MNF/src/lagrangian/molecularDynamics/polyCloud/mdTools -I/home/ktc05078/OpenFOAM/OpenFOAM-2.4.0-MNF/src/lagrangian/molecularDynamics/general/lnInclude -I/home/ktc05078/OpenFOAM/OpenFOAM-2.4.0-MNF/src/lagrangian/molecularDynamics/general/includeFiles  -IlnInclude -I. -I/home/ktc05078/OpenFOAM/OpenFOAM-2.4.0-MNF/src/OpenFOAM/lnInclude -I/home/ktc05078/OpenFOAM/OpenFOAM-2.4.0-MNF/src/OSspecific/POSIX/lnInclude   -fPIC -Xlinker --add-needed -Xlinker --no-as-needed Make/linux64GccMNF-MUIDPOpt/quickMapLagrangianFields.o -L/home/ktc05078/OpenFOAM/OpenFOAM-2.4.0-MNF/platforms/linux64GccMNF-MUIDPOpt/lib \
     -pthread -Wl,-rpath -Wl,/usr/lib/openmpi/lib -Wl,--enable-new-dtags -L/usr/lib/openmpi/lib -lmpi -lfiniteVolume -lmeshTools -llagrangian -lpolyCloud -lgeneralMolecule -lOpenFOAM -ldl   -lm -o /home/ktc05078/OpenFOAM/OpenFOAM-2.4.0-MNF/platforms/linux64GccMNF-MUIDPOpt/bin/quickMapLagrangianFields
make[3]: '/home/ktc05078/OpenFOAM/OpenFOAM-2.4.0-MNF/platforms/linux64GccMNF-MUIDPOpt/bin/patchAverage' is up to date.
make[3]: '/home/ktc05078/OpenFOAM/OpenFOAM-2.4.0-MNF/platforms/linux64GccMNF-MUIDPOpt/bin/flattenMesh' is up to date.
make[2]: '/home/ktc05078/OpenFOAM/OpenFOAM-2.4.0-MNF/platforms/linux64GccMNF-MUIDPOpt/bin/snappyHexMesh' is up to date.
+ [ -n /home/ktc05078/OpenFOAM/ThirdParty-2.4.0-MNF/platforms/linux64GccMNF-MUI/CGAL-4.6 ]
+ wmake libso foamyHexMesh/conformalVoronoiMesh
make[3]: '/home/ktc05078/OpenFOAM/OpenFOAM-2.4.0-MNF/platforms/linux64GccMNF-MUIDPOpt/bin/insideCells' is up to date.
make[3]: '/home/ktc05078/OpenFOAM/OpenFOAM-2.4.0-MNF/platforms/linux64GccMNF-MUIDPOpt/bin/execFlowFunctionObjects' is up to date.
/home/ktc05078/OpenFOAM/OpenFOAM-2.4.0-MNF/platforms/linux64GccMNF-MUIDPOpt/lib/libpolyCloud.so: undefined reference to `Foam::couplingMD::interface1d() const'
collect2: error: ld returned 1 exit status
/home/ktc05078/OpenFOAM/OpenFOAM-2.4.0-MNF/wmake/Makefile:149: recipe for target '/home/ktc05078/OpenFOAM/OpenFOAM-2.4.0-MNF/platforms/linux64GccMNF-MUIDPOpt/bin/mdInitialiseInExistingField' failed
make[4]: *** [/home/ktc05078/OpenFOAM/OpenFOAM-2.4.0-MNF/platforms/linux64GccMNF-MUIDPOpt/bin/mdInitialiseInExistingField] Error 1
/home/ktc05078/OpenFOAM/OpenFOAM-2.4.0-MNF/wmake/MakefileApps:39: recipe for target 'mdInitialiseInExistingField' failed
make[3]: *** [mdInitialiseInExistingField] Error 2
make[3]: '/home/ktc05078/OpenFOAM/OpenFOAM-2.4.0-MNF/platforms/linux64GccMNF-MUIDPOpt/bin/patchIntegrate' is up to date.
/home/ktc05078/OpenFOAM/OpenFOAM-2.4.0-MNF/platforms/linux64GccMNF-MUIDPOpt/lib/libpolyCloud.so: undefined reference to `Foam::couplingMD::interface1d() const'
collect2: error: ld returned 1 exit status
/home/ktc05078/OpenFOAM/OpenFOAM-2.4.0-MNF/wmake/Makefile:149: recipe for target '/home/ktc05078/OpenFOAM/OpenFOAM-2.4.0-MNF/platforms/linux64GccMNF-MUIDPOpt/bin/quickMapLagrangianFields' failed
make[4]: *** [/home/ktc05078/OpenFOAM/OpenFOAM-2.4.0-MNF/platforms/linux64GccMNF-MUIDPOpt/bin/quickMapLagrangianFields] Error 1
/home/ktc05078/OpenFOAM/OpenFOAM-2.4.0-MNF/wmake/MakefileApps:39: recipe for target 'quickMapLagrangianFields' failed
make[3]: *** [quickMapLagrangianFields] Error 2
make[3]: '/home/ktc05078/OpenFOAM/OpenFOAM-2.4.0-MNF/platforms/linux64GccMNF-MUIDPOpt/bin/mergeMeshes' is up to date.
make[3]: '/home/ktc05078/OpenFOAM/OpenFOAM-2.4.0-MNF/platforms/linux64GccMNF-MUIDPOpt/bin/foamListTimes' is up to date.
make[3]: '/home/ktc05078/OpenFOAM/OpenFOAM-2.4.0-MNF/platforms/linux64GccMNF-MUIDPOpt/bin/mergeOrSplitBaffles' is up to date.
make[3]: '/home/ktc05078/OpenFOAM/OpenFOAM-2.4.0-MNF/platforms/linux64GccMNF-MUIDPOpt/bin/probeLocations' is up to date.
make[3]: '/home/ktc05078/OpenFOAM/OpenFOAM-2.4.0-MNF/platforms/linux64GccMNF-MUIDPOpt/bin/pdfPlot' is up to date.
'/home/ktc05078/OpenFOAM/OpenFOAM-2.4.0-MNF/platforms/linux64GccMNF-MUIDPOpt/lib/libconformalVoronoiMesh.so' is up to date.
+ wmake all foamyHexMesh
+ [ -n /home/ktc05078/OpenFOAM/ThirdParty-2.4.0-MNF/platforms/linux64GccMNF-MUI/CGAL-4.6 ]
+ wmake libso conformalVoronoiMesh
g++ -m64 -std=c++11 -Dlinux64 -DWM_DP -DUSE_RANDOM -DUSE_MUI -Wall -Wextra -Wno-unused-parameter -Wnon-virtual-dtor -O3 -march=native  -DNoRepository -ftemplate-depth-100 -DOMPI_SKIP_MPICXX 	-I/usr/lib/openmpi/include/openmpi/opal/mca/event/libevent2021/libevent -I/usr/lib/openmpi/include/openmpi/opal/mca/event/libevent2021/libevent/include -I/usr/lib/openmpi/include -I/usr/lib/openmpi/include/openmpi -pthread 	-I/home/ktc05078/OpenFOAM/ThirdParty-2.4.0-MNF/platforms/linux64GccMNF-MUI/MUI -I/home/ktc05078/OpenFOAM/OpenFOAM-2.4.0-MNF/src/finiteVolume/lnInclude -I/home/ktc05078/OpenFOAM/OpenFOAM-2.4.0-MNF/src/meshTools/lnInclude -I/home/ktc05078/OpenFOAM/OpenFOAM-2.4.0-MNF/src/lagrangian/basic/lnInclude -I/home/ktc05078/OpenFOAM/OpenFOAM-2.4.0-MNF/src/lagrangian/molecularDynamics/polyCloud/lnInclude -I/home/ktc05078/OpenFOAM/OpenFOAM-2.4.0-MNF/src/lagrangian/molecularDynamics/polyCloud/mdTools -I/home/ktc05078/OpenFOAM/OpenFOAM-2.4.0-MNF/src/lagrangian/molecularDynamics/general/lnInclude -I/home/ktc05078/OpenFOAM/OpenFOAM-2.4.0-MNF/src/lagrangian/molecularDynamics/general/includeFiles  -IlnInclude -I. -I/home/ktc05078/OpenFOAM/OpenFOAM-2.4.0-MNF/src/OpenFOAM/lnInclude -I/home/ktc05078/OpenFOAM/OpenFOAM-2.4.0-MNF/src/OSspecific/POSIX/lnInclude   -fPIC -Xlinker --add-needed -Xlinker --no-as-needed Make/linux64GccMNF-MUIDPOpt/reconstructXmol.o -L/home/ktc05078/OpenFOAM/OpenFOAM-2.4.0-MNF/platforms/linux64GccMNF-MUIDPOpt/lib \
     -pthread -Wl,-rpath -Wl,/usr/lib/openmpi/lib -Wl,--enable-new-dtags -L/usr/lib/openmpi/lib -lmpi -lfiniteVolume -lmeshTools -llagrangian -lpolyCloud -lgeneralMolecule -lOpenFOAM -ldl   -lm -o /home/ktc05078/OpenFOAM/OpenFOAM-2.4.0-MNF/platforms/linux64GccMNF-MUIDPOpt/bin/reconstructXmol
make[3]: '/home/ktc05078/OpenFOAM/OpenFOAM-2.4.0-MNF/platforms/linux64GccMNF-MUIDPOpt/bin/postChannel' is up to date.
make[3]: '/home/ktc05078/OpenFOAM/OpenFOAM-2.4.0-MNF/platforms/linux64GccMNF-MUIDPOpt/bin/mirrorMesh' is up to date.
make[3]: '/home/ktc05078/OpenFOAM/OpenFOAM-2.4.0-MNF/platforms/linux64GccMNF-MUIDPOpt/bin/sample' is up to date.
make[3]: '/home/ktc05078/OpenFOAM/OpenFOAM-2.4.0-MNF/platforms/linux64GccMNF-MUIDPOpt/bin/moveDynamicMesh' is up to date.
make[3]: '/home/ktc05078/OpenFOAM/OpenFOAM-2.4.0-MNF/platforms/linux64GccMNF-MUIDPOpt/bin/ptot' is up to date.
make[3]: '/home/ktc05078/OpenFOAM/OpenFOAM-2.4.0-MNF/platforms/linux64GccMNF-MUIDPOpt/bin/temporalInterpolate' is up to date.
/home/ktc05078/OpenFOAM/OpenFOAM-2.4.0-MNF/platforms/linux64GccMNF-MUIDPOpt/lib/libpolyCloud.so: undefined reference to `Foam::couplingMD::interface1d() const'
collect2: error: ld returned 1 exit status
/home/ktc05078/OpenFOAM/OpenFOAM-2.4.0-MNF/wmake/Makefile:149: recipe for target '/home/ktc05078/OpenFOAM/OpenFOAM-2.4.0-MNF/platforms/linux64GccMNF-MUIDPOpt/bin/reconstructXmol' failed
make[4]: *** [/home/ktc05078/OpenFOAM/OpenFOAM-2.4.0-MNF/platforms/linux64GccMNF-MUIDPOpt/bin/reconstructXmol] Error 1
/home/ktc05078/OpenFOAM/OpenFOAM-2.4.0-MNF/wmake/MakefileApps:39: recipe for target 'reconstructXmol' failed
make[3]: *** [reconstructXmol] Error 2
make[3]: Target 'application' not remade because of errors.
/home/ktc05078/OpenFOAM/OpenFOAM-2.4.0-MNF/wmake/MakefileApps:39: recipe for target 'polyatomics' failed
make[2]: *** [polyatomics] Error 2
make[2]: Target 'application' not remade because of errors.
/home/ktc05078/OpenFOAM/OpenFOAM-2.4.0-MNF/wmake/MakefileApps:39: recipe for target 'molecularDynamics' failed
make[1]: *** [molecularDynamics] Error 2
make[1]: Target 'application' not remade because of errors.
/home/ktc05078/OpenFOAM/OpenFOAM-2.4.0-MNF/wmake/MakefileApps:39: recipe for target 'preProcessing' failed
make: *** [preProcessing] Error 2
make[3]: '/home/ktc05078/OpenFOAM/OpenFOAM-2.4.0-MNF/platforms/linux64GccMNF-MUIDPOpt/bin/wdot' is up to date.
make[3]: '/home/ktc05078/OpenFOAM/OpenFOAM-2.4.0-MNF/platforms/linux64GccMNF-MUIDPOpt/bin/moveEngineMesh' is up to date.
make[3]: '/home/ktc05078/OpenFOAM/OpenFOAM-2.4.0-MNF/platforms/linux64GccMNF-MUIDPOpt/bin/objToVTK' is up to date.
make[3]: '/home/ktc05078/OpenFOAM/OpenFOAM-2.4.0-MNF/platforms/linux64GccMNF-MUIDPOpt/bin/moveMesh' is up to date.
Found libSloanRenumber.so  --  enabling Sloan renumbering support.
'/home/ktc05078/OpenFOAM/OpenFOAM-2.4.0-MNF/platforms/linux64GccMNF-MUIDPOpt/lib/libconformalVoronoiMesh.so' is up to date.
+ wmake
make[3]: '/home/ktc05078/OpenFOAM/OpenFOAM-2.4.0-MNF/platforms/linux64GccMNF-MUIDPOpt/bin/orientFaceZone' is up to date.
make[3]: '/home/ktc05078/OpenFOAM/OpenFOAM-2.4.0-MNF/platforms/linux64GccMNF-MUIDPOpt/bin/refineMesh' is up to date.
make[3]: '/home/ktc05078/OpenFOAM/OpenFOAM-2.4.0-MNF/platforms/linux64GccMNF-MUIDPOpt/bin/writeCellCentres' is up to date.
make[3]: '/home/ktc05078/OpenFOAM/OpenFOAM-2.4.0-MNF/platforms/linux64GccMNF-MUIDPOpt/bin/polyDualMesh' is up to date.
make[3]: '/home/ktc05078/OpenFOAM/OpenFOAM-2.4.0-MNF/platforms/linux64GccMNF-MUIDPOpt/bin/renumberMesh' is up to date.
Found <readline/readline.h>  --  enabling readline support.
make[2]: '/home/ktc05078/OpenFOAM/OpenFOAM-2.4.0-MNF/platforms/linux64GccMNF-MUIDPOpt/bin/foamyHexMesh' is up to date.
+ wmake all foamyQuadMesh
+ [ -n /home/ktc05078/OpenFOAM/ThirdParty-2.4.0-MNF/platforms/linux64GccMNF-MUI/CGAL-4.6 ]
+ wmake libso conformalVoronoi2DMesh
make[3]: '/home/ktc05078/OpenFOAM/OpenFOAM-2.4.0-MNF/platforms/linux64GccMNF-MUIDPOpt/bin/pPrime2' is up to date.
make[3]: '/home/ktc05078/OpenFOAM/OpenFOAM-2.4.0-MNF/platforms/linux64GccMNF-MUIDPOpt/bin/rotateMesh' is up to date.
make[3]: '/home/ktc05078/OpenFOAM/OpenFOAM-2.4.0-MNF/platforms/linux64GccMNF-MUIDPOpt/bin/stressComponents' is up to date.
make[3]: '/home/ktc05078/OpenFOAM/OpenFOAM-2.4.0-MNF/platforms/linux64GccMNF-MUIDPOpt/bin/setSet' is up to date.
make[3]: '/home/ktc05078/OpenFOAM/OpenFOAM-2.4.0-MNF/platforms/linux64GccMNF-MUIDPOpt/bin/R' is up to date.
'/home/ktc05078/OpenFOAM/OpenFOAM-2.4.0-MNF/platforms/linux64GccMNF-MUIDPOpt/lib/libcv2DMesh.so' is up to date.
+ wmake
make[3]: '/home/ktc05078/OpenFOAM/OpenFOAM-2.4.0-MNF/platforms/linux64GccMNF-MUIDPOpt/bin/setsToZones' is up to date.
make[3]: '/home/ktc05078/OpenFOAM/OpenFOAM-2.4.0-MNF/platforms/linux64GccMNF-MUIDPOpt/bin/Co' is up to date.
make[3]: '/home/ktc05078/OpenFOAM/OpenFOAM-2.4.0-MNF/platforms/linux64GccMNF-MUIDPOpt/bin/singleCellMesh' is up to date.
make[3]: '/home/ktc05078/OpenFOAM/OpenFOAM-2.4.0-MNF/platforms/linux64GccMNF-MUIDPOpt/bin/wallGradU' is up to date.
make[3]: '/home/ktc05078/OpenFOAM/OpenFOAM-2.4.0-MNF/platforms/linux64GccMNF-MUIDPOpt/bin/createTurbulenceFields' is up to date.
make[2]: '/home/ktc05078/OpenFOAM/OpenFOAM-2.4.0-MNF/platforms/linux64GccMNF-MUIDPOpt/bin/foamyQuadMesh' is up to date.
make[3]: '/home/ktc05078/OpenFOAM/OpenFOAM-2.4.0-MNF/platforms/linux64GccMNF-MUIDPOpt/bin/splitMesh' is up to date.
make[3]: '/home/ktc05078/OpenFOAM/OpenFOAM-2.4.0-MNF/platforms/linux64GccMNF-MUIDPOpt/bin/Mach' is up to date.
make[3]: '/home/ktc05078/OpenFOAM/OpenFOAM-2.4.0-MNF/platforms/linux64GccMNF-MUIDPOpt/bin/Lambda2' is up to date.
make[3]: '/home/ktc05078/OpenFOAM/OpenFOAM-2.4.0-MNF/platforms/linux64GccMNF-MUIDPOpt/bin/wallHeatFlux' is up to date.
make[3]: '/home/ktc05078/OpenFOAM/OpenFOAM-2.4.0-MNF/platforms/linux64GccMNF-MUIDPOpt/bin/splitMeshRegions' is up to date.
make[3]: '/home/ktc05078/OpenFOAM/OpenFOAM-2.4.0-MNF/platforms/linux64GccMNF-MUIDPOpt/bin/yPlusLES' is up to date.
make[3]: '/home/ktc05078/OpenFOAM/OpenFOAM-2.4.0-MNF/platforms/linux64GccMNF-MUIDPOpt/bin/wallShearStress' is up to date.
make[3]: '/home/ktc05078/OpenFOAM/OpenFOAM-2.4.0-MNF/platforms/linux64GccMNF-MUIDPOpt/bin/Pe' is up to date.
make[3]: '/home/ktc05078/OpenFOAM/OpenFOAM-2.4.0-MNF/platforms/linux64GccMNF-MUIDPOpt/bin/Q' is up to date.
make[3]: '/home/ktc05078/OpenFOAM/OpenFOAM-2.4.0-MNF/platforms/linux64GccMNF-MUIDPOpt/bin/stitchMesh' is up to date.
make[3]: '/home/ktc05078/OpenFOAM/OpenFOAM-2.4.0-MNF/platforms/linux64GccMNF-MUIDPOpt/bin/yPlusRAS' is up to date.
make[3]: '/home/ktc05078/OpenFOAM/OpenFOAM-2.4.0-MNF/platforms/linux64GccMNF-MUIDPOpt/bin/flowType' is up to date.
make[3]: '/home/ktc05078/OpenFOAM/OpenFOAM-2.4.0-MNF/platforms/linux64GccMNF-MUIDPOpt/bin/enstrophy' is up to date.
make[3]: '/home/ktc05078/OpenFOAM/OpenFOAM-2.4.0-MNF/platforms/linux64GccMNF-MUIDPOpt/bin/streamFunction' is up to date.
make[3]: '/home/ktc05078/OpenFOAM/OpenFOAM-2.4.0-MNF/platforms/linux64GccMNF-MUIDPOpt/bin/uprime' is up to date.
make[3]: '/home/ktc05078/OpenFOAM/OpenFOAM-2.4.0-MNF/platforms/linux64GccMNF-MUIDPOpt/bin/topoSet' is up to date.
make[3]: '/home/ktc05078/OpenFOAM/OpenFOAM-2.4.0-MNF/platforms/linux64GccMNF-MUIDPOpt/bin/subsetMesh' is up to date.
make[3]: '/home/ktc05078/OpenFOAM/OpenFOAM-2.4.0-MNF/platforms/linux64GccMNF-MUIDPOpt/bin/transformPoints' is up to date.
make[3]: '/home/ktc05078/OpenFOAM/OpenFOAM-2.4.0-MNF/platforms/linux64GccMNF-MUIDPOpt/bin/vorticity' is up to date.
make[3]: '/home/ktc05078/OpenFOAM/OpenFOAM-2.4.0-MNF/platforms/linux64GccMNF-MUIDPOpt/bin/zipUpMesh' is up to date.
make: Target 'application' not remade because of errors.
+ wmake all solvers
+ wmake libso BCs
make[2]: '/home/ktc05078/OpenFOAM/OpenFOAM-2.4.0-MNF/platforms/linux64GccMNF-MUIDPOpt/bin/dnsFoam' is up to date.
+ wmake
make[2]: '/home/ktc05078/OpenFOAM/OpenFOAM-2.4.0-MNF/platforms/linux64GccMNF-MUIDPOpt/bin/laplacianFoam' is up to date.
make[3]: '/home/ktc05078/OpenFOAM/OpenFOAM-2.4.0-MNF/platforms/linux64GccMNF-MUIDPOpt/bin/dsmcFOAM' is up to date.
make[2]: '/home/ktc05078/OpenFOAM/OpenFOAM-2.4.0-MNF/platforms/linux64GccMNF-MUIDPOpt/bin/electrostaticFoam' is up to date.
'/home/ktc05078/OpenFOAM/OpenFOAM-2.4.0-MNF/platforms/linux64GccMNF-MUIDPOpt/lib/librhoCentralFoam.so' is up to date.
+ wmake
make[2]: '/home/ktc05078/OpenFOAM/OpenFOAM-2.4.0-MNF/platforms/linux64GccMNF-MUIDPOpt/bin/PDRFoam' is up to date.
make[2]: '/home/ktc05078/OpenFOAM/OpenFOAM-2.4.0-MNF/platforms/linux64GccMNF-MUIDPOpt/bin/potentialFoam' is up to date.
make[2]: '/home/ktc05078/OpenFOAM/OpenFOAM-2.4.0-MNF/platforms/linux64GccMNF-MUIDPOpt/bin/rhoCentralFoam' is up to date.
+ wmake rhoCentralDyMFoam
make[2]: '/home/ktc05078/OpenFOAM/OpenFOAM-2.4.0-MNF/platforms/linux64GccMNF-MUIDPOpt/bin/rhoPimpleFoam' is up to date.
+ wmake rhoPimplecFoam
make[2]: '/home/ktc05078/OpenFOAM/OpenFOAM-2.4.0-MNF/platforms/linux64GccMNF-MUIDPOpt/bin/magneticFoam' is up to date.
g++ -m64 -std=c++11 -Dlinux64 -DWM_DP -DUSE_RANDOM -DUSE_MUI -Wall -Wextra -Wno-unused-parameter -Wnon-virtual-dtor -O3 -march=native  -DNoRepository -ftemplate-depth-100 -DOMPI_SKIP_MPICXX 	-I/usr/lib/openmpi/include/openmpi/opal/mca/event/libevent2021/libevent -I/usr/lib/openmpi/include/openmpi/opal/mca/event/libevent2021/libevent/include -I/usr/lib/openmpi/include -I/usr/lib/openmpi/include/openmpi -pthread 	-I/home/ktc05078/OpenFOAM/ThirdParty-2.4.0-MNF/platforms/linux64GccMNF-MUI/MUI -I/home/ktc05078/OpenFOAM/OpenFOAM-2.4.0-MNF/src/finiteVolume/lnInclude -I/home/ktc05078/OpenFOAM/OpenFOAM-2.4.0-MNF/src/meshTools/lnInclude -I/home/ktc05078/OpenFOAM/OpenFOAM-2.4.0-MNF/src/lagrangian/basic/lnInclude -I/home/ktc05078/OpenFOAM/OpenFOAM-2.4.0-MNF/src/lagrangian/molecularDynamics/polyCloud/lnInclude -I/home/ktc05078/OpenFOAM/OpenFOAM-2.4.0-MNF/src/lagrangian/molecularDynamics/polyCloud/mdTools -I/home/ktc05078/OpenFOAM/OpenFOAM-2.4.0-MNF/src/lagrangian/molecularDynamics/general/lnInclude -I/home/ktc05078/OpenFOAM/OpenFOAM-2.4.0-MNF/src/lagrangian/molecularDynamics/general/includeFiles -IlnInclude -I. -I/home/ktc05078/OpenFOAM/OpenFOAM-2.4.0-MNF/src/OpenFOAM/lnInclude -I/home/ktc05078/OpenFOAM/OpenFOAM-2.4.0-MNF/src/OSspecific/POSIX/lnInclude   -fPIC -Xlinker --add-needed -Xlinker --no-as-needed Make/linux64GccMNF-MUIDPOpt/mdFOAM.o -L/home/ktc05078/OpenFOAM/OpenFOAM-2.4.0-MNF/platforms/linux64GccMNF-MUIDPOpt/lib \
     -pthread -Wl,-rpath -Wl,/usr/lib/openmpi/lib -Wl,--enable-new-dtags -L/usr/lib/openmpi/lib -lmpi -lfiniteVolume -lmeshTools -llagrangian -lpolyCloud -lgeneralMolecule -lOpenFOAM -ldl   -lm -o /home/ktc05078/OpenFOAM/OpenFOAM-2.4.0-MNF/platforms/linux64GccMNF-MUIDPOpt/bin/mdFOAM
make[2]: '/home/ktc05078/OpenFOAM/OpenFOAM-2.4.0-MNF/platforms/linux64GccMNF-MUIDPOpt/bin/scalarTransportFoam' is up to date.
make[2]: '/home/ktc05078/OpenFOAM/OpenFOAM-2.4.0-MNF/platforms/linux64GccMNF-MUIDPOpt/bin/XiFoam' is up to date.
make[2]: '/home/ktc05078/OpenFOAM/OpenFOAM-2.4.0-MNF/platforms/linux64GccMNF-MUIDPOpt/bin/rhoCentralDyMFoam' is up to date.
make[2]: '/home/ktc05078/OpenFOAM/OpenFOAM-2.4.0-MNF/platforms/linux64GccMNF-MUIDPOpt/bin/rhoPimplecFoam' is up to date.
+ wmake rhoLTSPimpleFoam
make[2]: '/home/ktc05078/OpenFOAM/OpenFOAM-2.4.0-MNF/platforms/linux64GccMNF-MUIDPOpt/bin/mhdFoam' is up to date.
/home/ktc05078/OpenFOAM/OpenFOAM-2.4.0-MNF/platforms/linux64GccMNF-MUIDPOpt/lib/libpolyCloud.so: undefined reference to `Foam::couplingMD::interface1d() const'
collect2: error: ld returned 1 exit status
/home/ktc05078/OpenFOAM/OpenFOAM-2.4.0-MNF/wmake/Makefile:149: recipe for target '/home/ktc05078/OpenFOAM/OpenFOAM-2.4.0-MNF/platforms/linux64GccMNF-MUIDPOpt/bin/mdFOAM' failed
make[3]: *** [/home/ktc05078/OpenFOAM/OpenFOAM-2.4.0-MNF/platforms/linux64GccMNF-MUIDPOpt/bin/mdFOAM] Error 1
/home/ktc05078/OpenFOAM/OpenFOAM-2.4.0-MNF/wmake/MakefileApps:39: recipe for target 'mdFOAM' failed
make[2]: *** [mdFOAM] Error 2
make[2]: Target 'application' not remade because of errors.
/home/ktc05078/OpenFOAM/OpenFOAM-2.4.0-MNF/wmake/MakefileApps:39: recipe for target 'molecularDynamics' failed
make[1]: *** [molecularDynamics] Error 2
make[2]: '/home/ktc05078/OpenFOAM/OpenFOAM-2.4.0-MNF/platforms/linux64GccMNF-MUIDPOpt/bin/chemFoam' is up to date.
make[2]: '/home/ktc05078/OpenFOAM/OpenFOAM-2.4.0-MNF/platforms/linux64GccMNF-MUIDPOpt/bin/rhoLTSPimpleFoam' is up to date.
+ wmake rhoPimpleDyMFoam
make[2]: '/home/ktc05078/OpenFOAM/OpenFOAM-2.4.0-MNF/platforms/linux64GccMNF-MUIDPOpt/bin/financialFoam' is up to date.
make[2]: '/home/ktc05078/OpenFOAM/OpenFOAM-2.4.0-MNF/platforms/linux64GccMNF-MUIDPOpt/bin/coldEngineFoam' is up to date.
make[2]: '/home/ktc05078/OpenFOAM/OpenFOAM-2.4.0-MNF/platforms/linux64GccMNF-MUIDPOpt/bin/engineFoam' is up to date.
+ wmake
make[3]: '/home/ktc05078/OpenFOAM/ktc05078-2.4.0-MNF/platforms/linux64GccMNF-MUIDPOpt/bin/nanoLiquidFoam' is up to date.
make[2]: '/home/ktc05078/OpenFOAM/OpenFOAM-2.4.0-MNF/platforms/linux64GccMNF-MUIDPOpt/bin/rhoPimpleDyMFoam' is up to date.
+ wmake
make[2]: '/home/ktc05078/OpenFOAM/OpenFOAM-2.4.0-MNF/platforms/linux64GccMNF-MUIDPOpt/bin/fireFoam' is up to date.
+ wmake
make[2]: '/home/ktc05078/OpenFOAM/OpenFOAM-2.4.0-MNF/platforms/linux64GccMNF-MUIDPOpt/bin/buoyantBoussinesqPimpleFoam' is up to date.
make[2]: '/home/ktc05078/OpenFOAM/OpenFOAM-2.4.0-MNF/platforms/linux64GccMNF-MUIDPOpt/bin/buoyantBoussinesqSimpleFoam' is up to date.
make[2]: '/home/ktc05078/OpenFOAM/OpenFOAM-2.4.0-MNF/platforms/linux64GccMNF-MUIDPOpt/bin/reactingFoam' is up to date.
+ wmake rhoReactingFoam
make[3]: '/home/ktc05078/OpenFOAM/OpenFOAM-2.4.0-MNF/platforms/linux64GccMNF-MUIDPOpt/bin/nanoLiquidFoam' is up to date.
make[2]: '/home/ktc05078/OpenFOAM/OpenFOAM-2.4.0-MNF/platforms/linux64GccMNF-MUIDPOpt/bin/rhoSimpleFoam' is up to date.
+ wmake rhoPorousSimpleFoam
make[2]: '/home/ktc05078/OpenFOAM/OpenFOAM-2.4.0-MNF/platforms/linux64GccMNF-MUIDPOpt/bin/sonicFoam' is up to date.
+ wmake sonicDyMFoam
make[2]: '/home/ktc05078/OpenFOAM/OpenFOAM-2.4.0-MNF/platforms/linux64GccMNF-MUIDPOpt/bin/buoyantPimpleFoam' is up to date.
+ wmake
make[2]: '/home/ktc05078/OpenFOAM/OpenFOAM-2.4.0-MNF/platforms/linux64GccMNF-MUIDPOpt/bin/buoyantSimpleFoam' is up to date.
make[2]: '/home/ktc05078/OpenFOAM/OpenFOAM-2.4.0-MNF/platforms/linux64GccMNF-MUIDPOpt/bin/rhoReactingFoam' is up to date.
+ wmake rhoReactingBuoyantFoam
make[3]: '/home/ktc05078/OpenFOAM/ktc05078-2.4.0-MNF/platforms/linux64GccMNF-MUIDPOpt/bin/nanoLiquidTransientFoam' is up to date.
make[2]: '/home/ktc05078/OpenFOAM/OpenFOAM-2.4.0-MNF/platforms/linux64GccMNF-MUIDPOpt/bin/rhoPorousSimpleFoam' is up to date.
+ wmake rhoSimplecFoam
make[2]: '/home/ktc05078/OpenFOAM/OpenFOAM-2.4.0-MNF/platforms/linux64GccMNF-MUIDPOpt/bin/sonicDyMFoam' is up to date.
+ wmake sonicLiquidFoam
make[2]: '/home/ktc05078/OpenFOAM/OpenFOAM-2.4.0-MNF/platforms/linux64GccMNF-MUIDPOpt/bin/chtMultiRegionFoam' is up to date.
+ wmake chtMultiRegionSimpleFoam
make[2]: '/home/ktc05078/OpenFOAM/OpenFOAM-2.4.0-MNF/platforms/linux64GccMNF-MUIDPOpt/bin/thermoFoam' is up to date.
make[2]: '/home/ktc05078/OpenFOAM/OpenFOAM-2.4.0-MNF/platforms/linux64GccMNF-MUIDPOpt/bin/rhoReactingBuoyantFoam' is up to date.
+ wmake LTSReactingFoam
make[3]: '/home/ktc05078/OpenFOAM/ktc05078-2.4.0-MNF/platforms/linux64GccMNF-MUIDPOpt/bin/nanoLiquidTransientMixedFoam' is up to date.
make[2]: '/home/ktc05078/OpenFOAM/OpenFOAM-2.4.0-MNF/platforms/linux64GccMNF-MUIDPOpt/bin/sonicLiquidFoam' is up to date.
make[2]: '/home/ktc05078/OpenFOAM/OpenFOAM-2.4.0-MNF/platforms/linux64GccMNF-MUIDPOpt/bin/rhoSimplecFoam' is up to date.
make[2]: '/home/ktc05078/OpenFOAM/OpenFOAM-2.4.0-MNF/platforms/linux64GccMNF-MUIDPOpt/bin/chtMultiRegionSimpleFoam' is up to date.
+ wmake DPMTurbulenceModels
make[3]: '/home/ktc05078/OpenFOAM/ktc05078-2.4.0-MNF/platforms/linux64GccMNF-MUIDPOpt/bin/nanoLiquidTransientSin2Foam' is up to date.
make[2]: '/home/ktc05078/OpenFOAM/OpenFOAM-2.4.0-MNF/platforms/linux64GccMNF-MUIDPOpt/bin/LTSReactingFoam' is up to date.
make[2]: '/home/ktc05078/OpenFOAM/OpenFOAM-2.4.0-MNF/platforms/linux64GccMNF-MUIDPOpt/bin/adjointShapeOptimizationFoam' is up to date.
+ wmake
make[2]: '/home/ktc05078/OpenFOAM/OpenFOAM-2.4.0-MNF/platforms/linux64GccMNF-MUIDPOpt/bin/boundaryFoam' is up to date.
make[2]: '/home/ktc05078/OpenFOAM/OpenFOAM-2.4.0-MNF/platforms/linux64GccMNF-MUIDPOpt/bin/icoFoam' is up to date.
'/home/ktc05078/OpenFOAM/OpenFOAM-2.4.0-MNF/platforms/linux64GccMNF-MUIDPOpt/lib/libDPMTurbulenceModels.so' is up to date.
+ wmake
make[3]: '/home/ktc05078/OpenFOAM/ktc05078-2.4.0-MNF/platforms/linux64GccMNF-MUIDPOpt/bin/nanoLiquidTransientSinFoam' is up to date.
make[1]: Target 'application' not remade because of errors.
/home/ktc05078/OpenFOAM/OpenFOAM-2.4.0-MNF/wmake/MakefileApps:39: recipe for target 'discreteMethods' failed
make: *** [discreteMethods] Error 2
+ wmake
make[2]: '/home/ktc05078/OpenFOAM/OpenFOAM-2.4.0-MNF/platforms/linux64GccMNF-MUIDPOpt/bin/coalChemistryFoam' is up to date.
+ wmake
make[2]: '/home/ktc05078/OpenFOAM/OpenFOAM-2.4.0-MNF/platforms/linux64GccMNF-MUIDPOpt/bin/icoUncoupledKinematicParcelFoam' is up to date.
+ wmake icoUncoupledKinematicParcelDyMFoam
make[2]: '/home/ktc05078/OpenFOAM/OpenFOAM-2.4.0-MNF/platforms/linux64GccMNF-MUIDPOpt/bin/nonNewtonianIcoFoam' is up to date.
+ wmake
make[2]: '/home/ktc05078/OpenFOAM/OpenFOAM-2.4.0-MNF/platforms/linux64GccMNF-MUIDPOpt/bin/reactingParcelFilmFoam' is up to date.
+ wmake
make[2]: '/home/ktc05078/OpenFOAM/OpenFOAM-2.4.0-MNF/platforms/linux64GccMNF-MUIDPOpt/bin/DPMFoam' is up to date.
+ wmake MPPICFoam
make[2]: '/home/ktc05078/OpenFOAM/OpenFOAM-2.4.0-MNF/platforms/linux64GccMNF-MUIDPOpt/bin/reactingParcelFoam' is up to date.
+ wmake simpleReactingParcelFoam
make[2]: '/home/ktc05078/OpenFOAM/OpenFOAM-2.4.0-MNF/platforms/linux64GccMNF-MUIDPOpt/bin/pimpleFoam' is up to date.
+ wmake SRFPimpleFoam
make[2]: '/home/ktc05078/OpenFOAM/OpenFOAM-2.4.0-MNF/platforms/linux64GccMNF-MUIDPOpt/bin/icoUncoupledKinematicParcelDyMFoam' is up to date.
+ wmake libso twoPhaseMixtureThermo
make[2]: '/home/ktc05078/OpenFOAM/OpenFOAM-2.4.0-MNF/platforms/linux64GccMNF-MUIDPOpt/bin/sprayFoam' is up to date.
+ wmake sprayEngineFoam
make[2]: '/home/ktc05078/OpenFOAM/OpenFOAM-2.4.0-MNF/platforms/linux64GccMNF-MUIDPOpt/bin/cavitatingFoam' is up to date.
+ wmake cavitatingDyMFoam
'/home/ktc05078/OpenFOAM/OpenFOAM-2.4.0-MNF/platforms/linux64GccMNF-MUIDPOpt/lib/libtwoPhaseMixtureThermo.so' is up to date.
+ wmake
make[2]: '/home/ktc05078/OpenFOAM/OpenFOAM-2.4.0-MNF/platforms/linux64GccMNF-MUIDPOpt/bin/SRFPimpleFoam' is up to date.
+ wmake pimpleDyMFoam
make[2]: '/home/ktc05078/OpenFOAM/OpenFOAM-2.4.0-MNF/platforms/linux64GccMNF-MUIDPOpt/bin/MPPICFoam' is up to date.
+ wmake libso multiphaseMixtureThermo
make[2]: '/home/ktc05078/OpenFOAM/OpenFOAM-2.4.0-MNF/platforms/linux64GccMNF-MUIDPOpt/bin/simpleReactingParcelFoam' is up to date.
+ wmake LTSReactingParcelFoam
make[2]: '/home/ktc05078/OpenFOAM/OpenFOAM-2.4.0-MNF/platforms/linux64GccMNF-MUIDPOpt/bin/cavitatingDyMFoam' is up to date.
+ wmake libso mixtureViscosityModels
make[2]: '/home/ktc05078/OpenFOAM/OpenFOAM-2.4.0-MNF/platforms/linux64GccMNF-MUIDPOpt/bin/sprayEngineFoam' is up to date.
make[2]: '/home/ktc05078/OpenFOAM/OpenFOAM-2.4.0-MNF/platforms/linux64GccMNF-MUIDPOpt/bin/pimpleDyMFoam' is up to date.
make[2]: '/home/ktc05078/OpenFOAM/OpenFOAM-2.4.0-MNF/platforms/linux64GccMNF-MUIDPOpt/bin/compressibleInterFoam' is up to date.
+ wmake compressibleInterDyMFoam
'/home/ktc05078/OpenFOAM/OpenFOAM-2.4.0-MNF/platforms/linux64GccMNF-MUIDPOpt/lib/libmultiphaseMixtureThermo.so' is up to date.
+ wmake
make[2]: '/home/ktc05078/OpenFOAM/OpenFOAM-2.4.0-MNF/platforms/linux64GccMNF-MUIDPOpt/bin/LTSReactingParcelFoam' is up to date.
'/home/ktc05078/OpenFOAM/OpenFOAM-2.4.0-MNF/platforms/linux64GccMNF-MUIDPOpt/lib/libdriftFluxTransportModels.so' is up to date.
+ wmake libso relativeVelocityModels
make[2]: '/home/ktc05078/OpenFOAM/OpenFOAM-2.4.0-MNF/platforms/linux64GccMNF-MUIDPOpt/bin/uncoupledKinematicParcelFoam' is up to date.
make[2]: '/home/ktc05078/OpenFOAM/OpenFOAM-2.4.0-MNF/platforms/linux64GccMNF-MUIDPOpt/bin/pisoFoam' is up to date.
make[2]: '/home/ktc05078/OpenFOAM/OpenFOAM-2.4.0-MNF/platforms/linux64GccMNF-MUIDPOpt/bin/compressibleInterDyMFoam' is up to date.
+ wmake
make[2]: '/home/ktc05078/OpenFOAM/OpenFOAM-2.4.0-MNF/platforms/linux64GccMNF-MUIDPOpt/bin/compressibleMultiphaseInterFoam' is up to date.
+ wmake libso phaseChangeTwoPhaseMixtures
make[2]: '/home/ktc05078/OpenFOAM/OpenFOAM-2.4.0-MNF/platforms/linux64GccMNF-MUIDPOpt/bin/shallowWaterFoam' is up to date.
+ wmake
'/home/ktc05078/OpenFOAM/OpenFOAM-2.4.0-MNF/platforms/linux64GccMNF-MUIDPOpt/lib/libdriftFluxRelativeVelocityModels.so' is up to date.
+ wmake
make[2]: '/home/ktc05078/OpenFOAM/OpenFOAM-2.4.0-MNF/platforms/linux64GccMNF-MUIDPOpt/bin/solidDisplacementFoam' is up to date.
+ wmakeLnInclude interfacialModels
+ wmake libso multiphaseSystem
make[2]: '/home/ktc05078/OpenFOAM/OpenFOAM-2.4.0-MNF/platforms/linux64GccMNF-MUIDPOpt/bin/solidEquilibriumDisplacementFoam' is up to date.
+ wmake libso multiphaseMixture
'/home/ktc05078/OpenFOAM/OpenFOAM-2.4.0-MNF/platforms/linux64GccMNF-MUIDPOpt/lib/libphaseChangeTwoPhaseMixtures.so' is up to date.
+ wmake
make[2]: '/home/ktc05078/OpenFOAM/OpenFOAM-2.4.0-MNF/platforms/linux64GccMNF-MUIDPOpt/bin/interFoam' is up to date.
+ wmake interDyMFoam
make[2]: '/home/ktc05078/OpenFOAM/OpenFOAM-2.4.0-MNF/platforms/linux64GccMNF-MUIDPOpt/bin/simpleFoam' is up to date.
+ wmake SRFSimpleFoam
make[2]: '/home/ktc05078/OpenFOAM/OpenFOAM-2.4.0-MNF/platforms/linux64GccMNF-MUIDPOpt/bin/driftFluxFoam' is up to date.
'/home/ktc05078/OpenFOAM/OpenFOAM-2.4.0-MNF/platforms/linux64GccMNF-MUIDPOpt/lib/libmultiphaseSystem.so' is up to date.
+ wmake libso interfacialModels
+ wmake
'/home/ktc05078/OpenFOAM/OpenFOAM-2.4.0-MNF/platforms/linux64GccMNF-MUIDPOpt/lib/libmultiphaseInterFoam.so' is up to date.
+ wmake
make[2]: '/home/ktc05078/OpenFOAM/OpenFOAM-2.4.0-MNF/platforms/linux64GccMNF-MUIDPOpt/bin/interPhaseChangeFoam' is up to date.
+ wmake interPhaseChangeDyMFoam
make[2]: '/home/ktc05078/OpenFOAM/OpenFOAM-2.4.0-MNF/platforms/linux64GccMNF-MUIDPOpt/bin/interDyMFoam' is up to date.
+ wmake porousInterFoam
make[2]: '/home/ktc05078/OpenFOAM/OpenFOAM-2.4.0-MNF/platforms/linux64GccMNF-MUIDPOpt/bin/SRFSimpleFoam' is up to date.
+ wmake porousSimpleFoam
make[2]: '/home/ktc05078/OpenFOAM/OpenFOAM-2.4.0-MNF/platforms/linux64GccMNF-MUIDPOpt/bin/potentialFreeSurfaceFoam' is up to date.
+ wmake potentialFreeSurfaceDyMFoam
'/home/ktc05078/OpenFOAM/OpenFOAM-2.4.0-MNF/platforms/linux64GccMNF-MUIDPOpt/lib/libcompressibleMultiphaseEulerianInterfacialModels.so' is up to date.
+ wmake
make[2]: '/home/ktc05078/OpenFOAM/OpenFOAM-2.4.0-MNF/platforms/linux64GccMNF-MUIDPOpt/bin/multiphaseInterFoam' is up to date.
+ wmake multiphaseInterDyMFoam
make[2]: '/home/ktc05078/OpenFOAM/OpenFOAM-2.4.0-MNF/platforms/linux64GccMNF-MUIDPOpt/bin/interPhaseChangeDyMFoam' is up to date.
make[2]: '/home/ktc05078/OpenFOAM/OpenFOAM-2.4.0-MNF/platforms/linux64GccMNF-MUIDPOpt/bin/porousSimpleFoam' is up to date.
+ wmakeLnInclude interfacialModels
+ wmake libso twoPhaseSystem
make[2]: '/home/ktc05078/OpenFOAM/OpenFOAM-2.4.0-MNF/platforms/linux64GccMNF-MUIDPOpt/bin/porousInterFoam' is up to date.
+ wmake LTSInterFoam
make[2]: '/home/ktc05078/OpenFOAM/OpenFOAM-2.4.0-MNF/platforms/linux64GccMNF-MUIDPOpt/bin/potentialFreeSurfaceDyMFoam' is up to date.
make[2]: '/home/ktc05078/OpenFOAM/OpenFOAM-2.4.0-MNF/platforms/linux64GccMNF-MUIDPOpt/bin/multiphaseEulerFoam' is up to date.
make[2]: '/home/ktc05078/OpenFOAM/OpenFOAM-2.4.0-MNF/platforms/linux64GccMNF-MUIDPOpt/bin/multiphaseInterDyMFoam' is up to date.
make[2]: '/home/ktc05078/OpenFOAM/OpenFOAM-2.4.0-MNF/platforms/linux64GccMNF-MUIDPOpt/bin/twoLiquidMixingFoam' is up to date.
make[2]: '/home/ktc05078/OpenFOAM/OpenFOAM-2.4.0-MNF/platforms/linux64GccMNF-MUIDPOpt/bin/LTSInterFoam' is up to date.
+ wmake interMixingFoam
'/home/ktc05078/OpenFOAM/OpenFOAM-2.4.0-MNF/platforms/linux64GccMNF-MUIDPOpt/lib/libcompressibleTwoPhaseSystem.so' is up to date.
+ wmake libso interfacialModels
make[2]: '/home/ktc05078/OpenFOAM/OpenFOAM-2.4.0-MNF/platforms/linux64GccMNF-MUIDPOpt/bin/interMixingFoam' is up to date.
'/home/ktc05078/OpenFOAM/OpenFOAM-2.4.0-MNF/platforms/linux64GccMNF-MUIDPOpt/lib/libcompressibleEulerianInterfacialModels.so' is up to date.
+ wmake libso phaseCompressibleTurbulenceModels
'/home/ktc05078/OpenFOAM/OpenFOAM-2.4.0-MNF/platforms/linux64GccMNF-MUIDPOpt/lib/libphaseCompressibleTurbulenceModels.so' is up to date.
+ wmake
make[2]: '/home/ktc05078/OpenFOAM/OpenFOAM-2.4.0-MNF/platforms/linux64GccMNF-MUIDPOpt/bin/twoPhaseEulerFoam' is up to date.
make: Target 'application' not remade because of errors.
